Archive member included to satisfy reference by file (symbol)

c:/gccriscv/8.2.0/bin/../lib/gcc/riscv-none-embed/8.2.0/rv32i/ilp32\libgcc.a(divdf3.o)
                              traphandler.o (__divdf3)
c:/gccriscv/8.2.0/bin/../lib/gcc/riscv-none-embed/8.2.0/rv32i/ilp32\libgcc.a(muldf3.o)
                              traphandler.o (__muldf3)
c:/gccriscv/8.2.0/bin/../lib/gcc/riscv-none-embed/8.2.0/rv32i/ilp32\libgcc.a(fixunsdfsi.o)
                              traphandler.o (__fixunsdfsi)
c:/gccriscv/8.2.0/bin/../lib/gcc/riscv-none-embed/8.2.0/rv32i/ilp32\libgcc.a(floatunsidf.o)
                              traphandler.o (__floatunsidf)
c:/gccriscv/8.2.0/bin/../lib/gcc/riscv-none-embed/8.2.0/rv32i/ilp32\libgcc.a(muldi3.o)
                              ff.o (__mulsi3)
c:/gccriscv/8.2.0/bin/../lib/gcc/riscv-none-embed/8.2.0/rv32i/ilp32\libgcc.a(div.o)
                              main.o (__divsi3)
c:/gccriscv/8.2.0/bin/../lib/gcc/riscv-none-embed/8.2.0/rv32i/ilp32\libgcc.a(_clzsi2.o)
                              c:/gccriscv/8.2.0/bin/../lib/gcc/riscv-none-embed/8.2.0/rv32i/ilp32\libgcc.a(divdf3.o) (__clzsi2)
c:/gccriscv/8.2.0/bin/../lib/gcc/riscv-none-embed/8.2.0/rv32i/ilp32\libgcc.a(_clz.o)
                              c:/gccriscv/8.2.0/bin/../lib/gcc/riscv-none-embed/8.2.0/rv32i/ilp32\libgcc.a(_clzsi2.o) (__clz_tab)
c:/gccriscv/8.2.0/bin/../lib/gcc/riscv-none-embed/8.2.0/../../../../riscv-none-embed/lib/rv32i/ilp32\libc.a(lib_a-locale.o)
                              deb.o (__locale_ctype_ptr)
c:/gccriscv/8.2.0/bin/../lib/gcc/riscv-none-embed/8.2.0/../../../../riscv-none-embed/lib/rv32i/ilp32\libc.a(lib_a-mbtowc_r.o)
                              c:/gccriscv/8.2.0/bin/../lib/gcc/riscv-none-embed/8.2.0/../../../../riscv-none-embed/lib/rv32i/ilp32\libc.a(lib_a-locale.o) (__ascii_mbtowc)
c:/gccriscv/8.2.0/bin/../lib/gcc/riscv-none-embed/8.2.0/../../../../riscv-none-embed/lib/rv32i/ilp32\libc.a(lib_a-strcmp.o)
                              c:/gccriscv/8.2.0/bin/../lib/gcc/riscv-none-embed/8.2.0/../../../../riscv-none-embed/lib/rv32i/ilp32\libc.a(lib_a-locale.o) (strcmp)
c:/gccriscv/8.2.0/bin/../lib/gcc/riscv-none-embed/8.2.0/../../../../riscv-none-embed/lib/rv32i/ilp32\libc.a(lib_a-strlen.o)
                              symtable.o (strlen)
c:/gccriscv/8.2.0/bin/../lib/gcc/riscv-none-embed/8.2.0/../../../../riscv-none-embed/lib/rv32i/ilp32\libc.a(lib_a-strncmp.o)
                              symtable.o (strncmp)
c:/gccriscv/8.2.0/bin/../lib/gcc/riscv-none-embed/8.2.0/../../../../riscv-none-embed/lib/rv32i/ilp32\libc.a(lib_a-strncpy.o)
                              symtable.o (strncpy)
c:/gccriscv/8.2.0/bin/../lib/gcc/riscv-none-embed/8.2.0/../../../../riscv-none-embed/lib/rv32i/ilp32\libc.a(lib_a-wctomb_r.o)
                              c:/gccriscv/8.2.0/bin/../lib/gcc/riscv-none-embed/8.2.0/../../../../riscv-none-embed/lib/rv32i/ilp32\libc.a(lib_a-locale.o) (__ascii_wctomb)
c:/gccriscv/8.2.0/bin/../lib/gcc/riscv-none-embed/8.2.0/../../../../riscv-none-embed/lib/rv32i/ilp32\libc.a(lib_a-ctype_.o)
                              c:/gccriscv/8.2.0/bin/../lib/gcc/riscv-none-embed/8.2.0/../../../../riscv-none-embed/lib/rv32i/ilp32\libc.a(lib_a-locale.o) (_ctype_)
c:/gccriscv/8.2.0/bin/../lib/gcc/riscv-none-embed/8.2.0/../../../../riscv-none-embed/lib/rv32i/ilp32\libc.a(lib_a-impure.o)
                              c:/gccriscv/8.2.0/bin/../lib/gcc/riscv-none-embed/8.2.0/../../../../riscv-none-embed/lib/rv32i/ilp32\libc.a(lib_a-locale.o) (_impure_ptr)

Allocating common symbols
Common symbol       size              file

lp                  0x4               deb.o
FatFs               0x228             deb.o
traparg2            0x4               traphandler.o
xfunc_out           0x4               xprintf.o
traparg3            0x4               traphandler.o
line                0x50              deb.o
irqcause            0x4               traphandler.o
traparg1            0x4               traphandler.o
col                 0x4               deb.o
datap               0x4               deb.o
irqpc               0x4               traphandler.o
trapcause           0x4               traphandler.o
trappc              0x4               traphandler.o
Sum                 0x1               deb.o
_SYMTABLE           0x800             main.o
codep               0x4               deb.o
SYMTABLETOP         0x4               symtable.o
timerPending        0x4               traphandler.o

Discarded input sections

 .bss           0x0000000000000000        0x0 crt.o
 .text          0x0000000000000000        0x0 vga.o
 .data          0x0000000000000000        0x0 vga.o
 .bss           0x0000000000000000        0x0 vga.o
 .rodata        0x0000000000000000       0x80 vga.o
 .text.vga_init
                0x0000000000000000       0x92 vga.o
 .text.vga_clear
                0x0000000000000000       0x5e vga.o
 .text.vga_isBusy
                0x0000000000000000       0x22 vga.o
 .text.vga_run  0x0000000000000000       0x1a vga.o
 .text.vga_stop
                0x0000000000000000       0x30 vga.o
 .debug_info    0x0000000000000000      0x2d1 vga.o
 .debug_abbrev  0x0000000000000000      0x159 vga.o
 .debug_aranges
                0x0000000000000000       0x40 vga.o
 .debug_ranges  0x0000000000000000       0x30 vga.o
 .debug_line    0x0000000000000000      0x22e vga.o
 .debug_str     0x0000000000000000      0x248 vga.o
 .comment       0x0000000000000000       0x3a vga.o
 .debug_frame   0x0000000000000000       0xb8 vga.o
 .text          0x0000000000000000        0x0 console.o
 .data          0x0000000000000000       0x11 console.o
 .bss           0x0000000000000000        0x0 console.o
 .rodata        0x0000000000000000       0x80 console.o
 .text.console_clear
                0x0000000000000000       0x52 console.o
 .text.console_scroll
                0x0000000000000000       0xb8 console.o
 .sbss          0x0000000000000000        0x8 console.o
 .text.debugout
                0x0000000000000000       0x78 console.o
 .text.debugouthex2
                0x0000000000000000       0x74 console.o
 .text.console_putc
                0x0000000000000000      0x322 console.o
 .text.console_puts
                0x0000000000000000       0x5a console.o
 .debug_info    0x0000000000000000      0x2e5 console.o
 .debug_abbrev  0x0000000000000000      0x182 console.o
 .debug_aranges
                0x0000000000000000       0x48 console.o
 .debug_ranges  0x0000000000000000       0x38 console.o
 .debug_line    0x0000000000000000      0x695 console.o
 .debug_str     0x0000000000000000      0x28b console.o
 .comment       0x0000000000000000       0x3a console.o
 .debug_frame   0x0000000000000000       0xe0 console.o
 .text          0x0000000000000000        0x0 sdmm.o
 .data          0x0000000000000000        0x0 sdmm.o
 .rodata        0x0000000000000000       0x80 sdmm.o
 .text.xmit_datablock
                0x0000000000000000       0x94 sdmm.o
 .text.disk_write
                0x0000000000000000      0x11e sdmm.o
 .text.disk_ioctl
                0x0000000000000000      0x17a sdmm.o
 .text          0x0000000000000000        0x0 ff.o
 .data          0x0000000000000000        0x0 ff.o
 .text.f_lseek  0x0000000000000000      0x262 ff.o
 .text.f_stat   0x0000000000000000       0x88 ff.o
 .text          0x0000000000000000        0x0 deb.o
 .bss           0x0000000000000000        0x0 deb.o
 .text.write_u32
                0x0000000000000000       0x20 deb.o
 .text.uart_writeAvailability
                0x0000000000000000       0x2e deb.o
 .text.uart_write
                0x0000000000000000       0x40 deb.o
 .text.uart_writeStr
                0x0000000000000000       0x44 deb.o
 .text.uart_writeHex
                0x0000000000000000       0x82 deb.o
 .text.uart_applyConfig
                0x0000000000000000       0x62 deb.o
 .text.clint_getTimeLow
                0x0000000000000000       0x2c deb.o
 .text.clint_getTimeHigh
                0x0000000000000000       0x2c deb.o
 .text.clint_setCmp
                0x0000000000000000       0x84 deb.o
 .text.clint_getTime
                0x0000000000000000       0x90 deb.o
 .text.clint_uDelay
                0x0000000000000000       0x7e deb.o
 .text.puthxw   0x0000000000000000       0x3c deb.o
 .text.comma    0x0000000000000000       0x3a deb.o
 .text          0x0000000000000000        0x0 symtable.o
 .data          0x0000000000000000        0x0 symtable.o
 .bss           0x0000000000000000        0x0 symtable.o
 .rodata        0x0000000000000000       0x80 symtable.o
 .text.symt_init
                0x0000000000000000       0x1e symtable.o
 .text.symt_clear
                0x0000000000000000       0x52 symtable.o
 .text.symt_get
                0x0000000000000000       0x82 symtable.o
 .text.symt_put
                0x0000000000000000       0xe0 symtable.o
 .text          0x0000000000000000        0x0 traphandler.o
 .data          0x0000000000000000        0x0 traphandler.o
 .bss           0x0000000000000000        0x0 traphandler.o
 .text          0x0000000000000000        0x0 xprintf.o
 .data          0x0000000000000000        0x0 xprintf.o
 .text.xfputc   0x0000000000000000       0x4e xprintf.o
 .text.xfputs   0x0000000000000000       0x64 xprintf.o
 .text.xsprintf
                0x0000000000000000       0x66 xprintf.o
 .text.xfprintf
                0x0000000000000000       0x6a xprintf.o
 .text.put_dump
                0x0000000000000000      0x18a xprintf.o
 .text          0x0000000000000000        0x0 main.o
 .data          0x0000000000000000        0x0 main.o
 .bss           0x0000000000000000        0x2 main.o
 .text.uart_readOccupancy
                0x0000000000000000       0x2a main.o
 .text.uart_writeHex
                0x0000000000000000       0x82 main.o
 .text.uart_read
                0x0000000000000000       0x3a main.o
 .text.uart_applyConfig
                0x0000000000000000       0x62 main.o
 .text.clint_getTimeHigh
                0x0000000000000000       0x2c main.o
 .text.clint_setCmp
                0x0000000000000000       0x84 main.o
 .text.clint_getTime
                0x0000000000000000       0x90 main.o
 .text.sdram_ddr2_init
                0x0000000000000000      0x1e4 main.o
 .text.sdram_ddr3_init
                0x0000000000000000      0x168 main.o
 .text.lfsrReset
                0x0000000000000000       0x1c main.o
 .text.lfsr16   0x0000000000000000       0x92 main.o
 .text.lfsr32   0x0000000000000000       0x30 main.o
 .text.sdram_mem_init
                0x0000000000000000       0x5e main.o
 .text.sdram_mem_test
                0x0000000000000000       0x74 main.o
 .text.sdram_phy_s7_scan
                0x0000000000000000       0x94 main.o
 .text.sdram_phy_s7
                0x0000000000000000      0x1d6 main.o
 COMMON         0x0000000000000000      0x800 main.o
 .text          0x0000000000000000        0x0 c:/gccriscv/8.2.0/bin/../lib/gcc/riscv-none-embed/8.2.0/rv32i/ilp32\libgcc.a(divdf3.o)
 .data          0x0000000000000000        0x0 c:/gccriscv/8.2.0/bin/../lib/gcc/riscv-none-embed/8.2.0/rv32i/ilp32\libgcc.a(divdf3.o)
 .bss           0x0000000000000000        0x0 c:/gccriscv/8.2.0/bin/../lib/gcc/riscv-none-embed/8.2.0/rv32i/ilp32\libgcc.a(divdf3.o)
 .text          0x0000000000000000        0x0 c:/gccriscv/8.2.0/bin/../lib/gcc/riscv-none-embed/8.2.0/rv32i/ilp32\libgcc.a(muldf3.o)
 .data          0x0000000000000000        0x0 c:/gccriscv/8.2.0/bin/../lib/gcc/riscv-none-embed/8.2.0/rv32i/ilp32\libgcc.a(muldf3.o)
 .bss           0x0000000000000000        0x0 c:/gccriscv/8.2.0/bin/../lib/gcc/riscv-none-embed/8.2.0/rv32i/ilp32\libgcc.a(muldf3.o)
 .text          0x0000000000000000        0x0 c:/gccriscv/8.2.0/bin/../lib/gcc/riscv-none-embed/8.2.0/rv32i/ilp32\libgcc.a(fixunsdfsi.o)
 .data          0x0000000000000000        0x0 c:/gccriscv/8.2.0/bin/../lib/gcc/riscv-none-embed/8.2.0/rv32i/ilp32\libgcc.a(fixunsdfsi.o)
 .bss           0x0000000000000000        0x0 c:/gccriscv/8.2.0/bin/../lib/gcc/riscv-none-embed/8.2.0/rv32i/ilp32\libgcc.a(fixunsdfsi.o)
 .text          0x0000000000000000        0x0 c:/gccriscv/8.2.0/bin/../lib/gcc/riscv-none-embed/8.2.0/rv32i/ilp32\libgcc.a(floatunsidf.o)
 .data          0x0000000000000000        0x0 c:/gccriscv/8.2.0/bin/../lib/gcc/riscv-none-embed/8.2.0/rv32i/ilp32\libgcc.a(floatunsidf.o)
 .bss           0x0000000000000000        0x0 c:/gccriscv/8.2.0/bin/../lib/gcc/riscv-none-embed/8.2.0/rv32i/ilp32\libgcc.a(floatunsidf.o)
 .data          0x0000000000000000        0x0 c:/gccriscv/8.2.0/bin/../lib/gcc/riscv-none-embed/8.2.0/rv32i/ilp32\libgcc.a(muldi3.o)
 .bss           0x0000000000000000        0x0 c:/gccriscv/8.2.0/bin/../lib/gcc/riscv-none-embed/8.2.0/rv32i/ilp32\libgcc.a(muldi3.o)
 .data          0x0000000000000000        0x0 c:/gccriscv/8.2.0/bin/../lib/gcc/riscv-none-embed/8.2.0/rv32i/ilp32\libgcc.a(div.o)
 .bss           0x0000000000000000        0x0 c:/gccriscv/8.2.0/bin/../lib/gcc/riscv-none-embed/8.2.0/rv32i/ilp32\libgcc.a(div.o)
 .text          0x0000000000000000        0x0 c:/gccriscv/8.2.0/bin/../lib/gcc/riscv-none-embed/8.2.0/rv32i/ilp32\libgcc.a(_clzsi2.o)
 .data          0x0000000000000000        0x0 c:/gccriscv/8.2.0/bin/../lib/gcc/riscv-none-embed/8.2.0/rv32i/ilp32\libgcc.a(_clzsi2.o)
 .bss           0x0000000000000000        0x0 c:/gccriscv/8.2.0/bin/../lib/gcc/riscv-none-embed/8.2.0/rv32i/ilp32\libgcc.a(_clzsi2.o)
 .text          0x0000000000000000        0x0 c:/gccriscv/8.2.0/bin/../lib/gcc/riscv-none-embed/8.2.0/rv32i/ilp32\libgcc.a(_clz.o)
 .data          0x0000000000000000        0x0 c:/gccriscv/8.2.0/bin/../lib/gcc/riscv-none-embed/8.2.0/rv32i/ilp32\libgcc.a(_clz.o)
 .bss           0x0000000000000000        0x0 c:/gccriscv/8.2.0/bin/../lib/gcc/riscv-none-embed/8.2.0/rv32i/ilp32\libgcc.a(_clz.o)
 .text          0x0000000000000000        0x0 c:/gccriscv/8.2.0/bin/../lib/gcc/riscv-none-embed/8.2.0/../../../../riscv-none-embed/lib/rv32i/ilp32\libc.a(lib_a-locale.o)
 .data          0x0000000000000000        0x0 c:/gccriscv/8.2.0/bin/../lib/gcc/riscv-none-embed/8.2.0/../../../../riscv-none-embed/lib/rv32i/ilp32\libc.a(lib_a-locale.o)
 .bss           0x0000000000000000        0x0 c:/gccriscv/8.2.0/bin/../lib/gcc/riscv-none-embed/8.2.0/../../../../riscv-none-embed/lib/rv32i/ilp32\libc.a(lib_a-locale.o)
 .text._setlocale_r
                0x0000000000000000       0x88 c:/gccriscv/8.2.0/bin/../lib/gcc/riscv-none-embed/8.2.0/../../../../riscv-none-embed/lib/rv32i/ilp32\libc.a(lib_a-locale.o)
 .text.__locale_mb_cur_max
                0x0000000000000000       0x2c c:/gccriscv/8.2.0/bin/../lib/gcc/riscv-none-embed/8.2.0/../../../../riscv-none-embed/lib/rv32i/ilp32\libc.a(lib_a-locale.o)
 .text.__locale_ctype_ptr_l
                0x0000000000000000        0x8 c:/gccriscv/8.2.0/bin/../lib/gcc/riscv-none-embed/8.2.0/../../../../riscv-none-embed/lib/rv32i/ilp32\libc.a(lib_a-locale.o)
 .text.setlocale
                0x0000000000000000       0x1c c:/gccriscv/8.2.0/bin/../lib/gcc/riscv-none-embed/8.2.0/../../../../riscv-none-embed/lib/rv32i/ilp32\libc.a(lib_a-locale.o)
 .sbss._PathLocale
                0x0000000000000000        0x4 c:/gccriscv/8.2.0/bin/../lib/gcc/riscv-none-embed/8.2.0/../../../../riscv-none-embed/lib/rv32i/ilp32\libc.a(lib_a-locale.o)
 .text          0x0000000000000000        0x0 c:/gccriscv/8.2.0/bin/../lib/gcc/riscv-none-embed/8.2.0/../../../../riscv-none-embed/lib/rv32i/ilp32\libc.a(lib_a-mbtowc_r.o)
 .data          0x0000000000000000        0x0 c:/gccriscv/8.2.0/bin/../lib/gcc/riscv-none-embed/8.2.0/../../../../riscv-none-embed/lib/rv32i/ilp32\libc.a(lib_a-mbtowc_r.o)
 .bss           0x0000000000000000        0x0 c:/gccriscv/8.2.0/bin/../lib/gcc/riscv-none-embed/8.2.0/../../../../riscv-none-embed/lib/rv32i/ilp32\libc.a(lib_a-mbtowc_r.o)
 .text._mbtowc_r
                0x0000000000000000       0x2c c:/gccriscv/8.2.0/bin/../lib/gcc/riscv-none-embed/8.2.0/../../../../riscv-none-embed/lib/rv32i/ilp32\libc.a(lib_a-mbtowc_r.o)
 .text          0x0000000000000000      0x17c c:/gccriscv/8.2.0/bin/../lib/gcc/riscv-none-embed/8.2.0/../../../../riscv-none-embed/lib/rv32i/ilp32\libc.a(lib_a-strcmp.o)
 .data          0x0000000000000000        0x0 c:/gccriscv/8.2.0/bin/../lib/gcc/riscv-none-embed/8.2.0/../../../../riscv-none-embed/lib/rv32i/ilp32\libc.a(lib_a-strcmp.o)
 .bss           0x0000000000000000        0x0 c:/gccriscv/8.2.0/bin/../lib/gcc/riscv-none-embed/8.2.0/../../../../riscv-none-embed/lib/rv32i/ilp32\libc.a(lib_a-strcmp.o)
 .text          0x0000000000000000        0x0 c:/gccriscv/8.2.0/bin/../lib/gcc/riscv-none-embed/8.2.0/../../../../riscv-none-embed/lib/rv32i/ilp32\libc.a(lib_a-strlen.o)
 .data          0x0000000000000000        0x0 c:/gccriscv/8.2.0/bin/../lib/gcc/riscv-none-embed/8.2.0/../../../../riscv-none-embed/lib/rv32i/ilp32\libc.a(lib_a-strlen.o)
 .bss           0x0000000000000000        0x0 c:/gccriscv/8.2.0/bin/../lib/gcc/riscv-none-embed/8.2.0/../../../../riscv-none-embed/lib/rv32i/ilp32\libc.a(lib_a-strlen.o)
 .text.strlen   0x0000000000000000       0x8c c:/gccriscv/8.2.0/bin/../lib/gcc/riscv-none-embed/8.2.0/../../../../riscv-none-embed/lib/rv32i/ilp32\libc.a(lib_a-strlen.o)
 .debug_frame   0x0000000000000000       0x20 c:/gccriscv/8.2.0/bin/../lib/gcc/riscv-none-embed/8.2.0/../../../../riscv-none-embed/lib/rv32i/ilp32\libc.a(lib_a-strlen.o)
 .text          0x0000000000000000        0x0 c:/gccriscv/8.2.0/bin/../lib/gcc/riscv-none-embed/8.2.0/../../../../riscv-none-embed/lib/rv32i/ilp32\libc.a(lib_a-strncmp.o)
 .data          0x0000000000000000        0x0 c:/gccriscv/8.2.0/bin/../lib/gcc/riscv-none-embed/8.2.0/../../../../riscv-none-embed/lib/rv32i/ilp32\libc.a(lib_a-strncmp.o)
 .bss           0x0000000000000000        0x0 c:/gccriscv/8.2.0/bin/../lib/gcc/riscv-none-embed/8.2.0/../../../../riscv-none-embed/lib/rv32i/ilp32\libc.a(lib_a-strncmp.o)
 .text.strncmp  0x0000000000000000       0xf0 c:/gccriscv/8.2.0/bin/../lib/gcc/riscv-none-embed/8.2.0/../../../../riscv-none-embed/lib/rv32i/ilp32\libc.a(lib_a-strncmp.o)
 .debug_frame   0x0000000000000000       0x20 c:/gccriscv/8.2.0/bin/../lib/gcc/riscv-none-embed/8.2.0/../../../../riscv-none-embed/lib/rv32i/ilp32\libc.a(lib_a-strncmp.o)
 .text          0x0000000000000000        0x0 c:/gccriscv/8.2.0/bin/../lib/gcc/riscv-none-embed/8.2.0/../../../../riscv-none-embed/lib/rv32i/ilp32\libc.a(lib_a-strncpy.o)
 .data          0x0000000000000000        0x0 c:/gccriscv/8.2.0/bin/../lib/gcc/riscv-none-embed/8.2.0/../../../../riscv-none-embed/lib/rv32i/ilp32\libc.a(lib_a-strncpy.o)
 .bss           0x0000000000000000        0x0 c:/gccriscv/8.2.0/bin/../lib/gcc/riscv-none-embed/8.2.0/../../../../riscv-none-embed/lib/rv32i/ilp32\libc.a(lib_a-strncpy.o)
 .text.strncpy  0x0000000000000000       0xcc c:/gccriscv/8.2.0/bin/../lib/gcc/riscv-none-embed/8.2.0/../../../../riscv-none-embed/lib/rv32i/ilp32\libc.a(lib_a-strncpy.o)
 .debug_frame   0x0000000000000000       0x20 c:/gccriscv/8.2.0/bin/../lib/gcc/riscv-none-embed/8.2.0/../../../../riscv-none-embed/lib/rv32i/ilp32\libc.a(lib_a-strncpy.o)
 .text          0x0000000000000000        0x0 c:/gccriscv/8.2.0/bin/../lib/gcc/riscv-none-embed/8.2.0/../../../../riscv-none-embed/lib/rv32i/ilp32\libc.a(lib_a-wctomb_r.o)
 .data          0x0000000000000000        0x0 c:/gccriscv/8.2.0/bin/../lib/gcc/riscv-none-embed/8.2.0/../../../../riscv-none-embed/lib/rv32i/ilp32\libc.a(lib_a-wctomb_r.o)
 .bss           0x0000000000000000        0x0 c:/gccriscv/8.2.0/bin/../lib/gcc/riscv-none-embed/8.2.0/../../../../riscv-none-embed/lib/rv32i/ilp32\libc.a(lib_a-wctomb_r.o)
 .text._wctomb_r
                0x0000000000000000       0x2c c:/gccriscv/8.2.0/bin/../lib/gcc/riscv-none-embed/8.2.0/../../../../riscv-none-embed/lib/rv32i/ilp32\libc.a(lib_a-wctomb_r.o)
 .text          0x0000000000000000        0x0 c:/gccriscv/8.2.0/bin/../lib/gcc/riscv-none-embed/8.2.0/../../../../riscv-none-embed/lib/rv32i/ilp32\libc.a(lib_a-ctype_.o)
 .data          0x0000000000000000        0x0 c:/gccriscv/8.2.0/bin/../lib/gcc/riscv-none-embed/8.2.0/../../../../riscv-none-embed/lib/rv32i/ilp32\libc.a(lib_a-ctype_.o)
 .bss           0x0000000000000000        0x0 c:/gccriscv/8.2.0/bin/../lib/gcc/riscv-none-embed/8.2.0/../../../../riscv-none-embed/lib/rv32i/ilp32\libc.a(lib_a-ctype_.o)
 .text          0x0000000000000000        0x0 c:/gccriscv/8.2.0/bin/../lib/gcc/riscv-none-embed/8.2.0/../../../../riscv-none-embed/lib/rv32i/ilp32\libc.a(lib_a-impure.o)
 .data          0x0000000000000000        0x0 c:/gccriscv/8.2.0/bin/../lib/gcc/riscv-none-embed/8.2.0/../../../../riscv-none-embed/lib/rv32i/ilp32\libc.a(lib_a-impure.o)
 .bss           0x0000000000000000        0x0 c:/gccriscv/8.2.0/bin/../lib/gcc/riscv-none-embed/8.2.0/../../../../riscv-none-embed/lib/rv32i/ilp32\libc.a(lib_a-impure.o)
 .sdata2._global_impure_ptr
                0x0000000000000000        0x4 c:/gccriscv/8.2.0/bin/../lib/gcc/riscv-none-embed/8.2.0/../../../../riscv-none-embed/lib/rv32i/ilp32\libc.a(lib_a-impure.o)

Memory Configuration

Name             Origin             Length             Attributes
RAM              0x0000000080000000 0x0000000000008000 xrw
RAM2             0x0000000080008000 0x0000000000004000 xrw
TVRAM            0x00000000f0040000 0x0000000000004000 xrw
FRAMEBUF         0x0000000040000000 0x0000000000100000 xrw
HEAPRAM          0x0000000040100000 0x0000000000100000 xrw
APPRAM           0x0000000040200000 0x0000000000600000 xrw
*default*        0x0000000000000000 0xffffffffffffffff

Linker script and memory map

                0x0000000000003400                _stack_size = 0x3400
                0x0000000000100000                _heap_size = 0x100000

._vector        0x0000000080000000      0x1e2
 *crt.o(.start_jump)
 .start_jump    0x0000000080000000        0xe crt.o
                0x0000000080000000                crtStart
 *crt.o(.text)
 *fill*         0x000000008000000e       0x12 
 .text          0x0000000080000020      0x1c2 crt.o
                0x0000000080000020                trap_entry
                0x000000008000015e                flushDataCache
                0x000000008000016a                syscall0

.memory         0x00000000800001e4       0xd8
 *(.text)
 .text          0x00000000800001e4       0x24 c:/gccriscv/8.2.0/bin/../lib/gcc/riscv-none-embed/8.2.0/rv32i/ilp32\libgcc.a(muldi3.o)
                0x00000000800001e4                __mulsi3
 .text          0x0000000080000208       0xb4 c:/gccriscv/8.2.0/bin/../lib/gcc/riscv-none-embed/8.2.0/rv32i/ilp32\libgcc.a(div.o)
                0x0000000080000208                __divsi3
                0x0000000080000210                __udivsi3
                0x0000000080000258                __umodsi3
                0x000000008000028c                __modsi3
                0x00000000800002bc                end = .

.text.dly_us    0x00000000800002bc       0x2c
 .text.dly_us   0x00000000800002bc       0x2c sdmm.o

.text.xmit_mmc  0x00000000800002e8       0xf6
 .text.xmit_mmc
                0x00000000800002e8       0xf6 sdmm.o

.text.rcvr_mmc  0x00000000800003de       0xfe
 .text.rcvr_mmc
                0x00000000800003de       0xfe sdmm.o

.text.wait_ready
                0x00000000800004dc       0x64
 .text.wait_ready
                0x00000000800004dc       0x64 sdmm.o

.text.deselect  0x0000000080000540       0x3a
 .text.deselect
                0x0000000080000540       0x3a sdmm.o

.text.select    0x000000008000057a       0x54
 .text.select   0x000000008000057a       0x54 sdmm.o

.text.rcvr_datablock
                0x00000000800005ce       0x92
 .text.rcvr_datablock
                0x00000000800005ce       0x92 sdmm.o

.text.send_cmd  0x0000000080000660      0x14c
 .text.send_cmd
                0x0000000080000660      0x14c sdmm.o

.text.disk_status
                0x00000000800007ac       0x26
 .text.disk_status
                0x00000000800007ac       0x26 sdmm.o
                0x00000000800007ac                disk_status

.text.disk_initialize
                0x00000000800007d2      0x266
 .text.disk_initialize
                0x00000000800007d2      0x266 sdmm.o
                0x00000000800007d2                disk_initialize

.text.disk_read
                0x0000000080000a38       0xe2
 .text.disk_read
                0x0000000080000a38       0xe2 sdmm.o
                0x0000000080000a38                disk_read

.text.ld_word   0x0000000080000b1a       0x46
 .text.ld_word  0x0000000080000b1a       0x46 ff.o

.text.ld_dword  0x0000000080000b60       0x64
 .text.ld_dword
                0x0000000080000b60       0x64 ff.o

.text.mem_cpy   0x0000000080000bc4       0x60
 .text.mem_cpy  0x0000000080000bc4       0x60 ff.o

.text.mem_set   0x0000000080000c24       0x4a
 .text.mem_set  0x0000000080000c24       0x4a ff.o

.text.mem_cmp   0x0000000080000c6e       0x72
 .text.mem_cmp  0x0000000080000c6e       0x72 ff.o

.text.chk_chr   0x0000000080000ce0       0x46
 .text.chk_chr  0x0000000080000ce0       0x46 ff.o

.text.dbc_1st   0x0000000080000d26       0x4e
 .text.dbc_1st  0x0000000080000d26       0x4e ff.o

.text.dbc_2nd   0x0000000080000d74       0x66
 .text.dbc_2nd  0x0000000080000d74       0x66 ff.o

.text.move_window
                0x0000000080000dda       0x72
 .text.move_window
                0x0000000080000dda       0x72 ff.o

.text.clst2sect
                0x0000000080000e4c       0x5c
 .text.clst2sect
                0x0000000080000e4c       0x5c ff.o

.text.get_fat   0x0000000080000ea8      0x1ca
 .text.get_fat  0x0000000080000ea8      0x1ca ff.o

.text.dir_sdi   0x0000000080001072      0x160
 .text.dir_sdi  0x0000000080001072      0x160 ff.o

.text.dir_next  0x00000000800011d2      0x14a
 .text.dir_next
                0x00000000800011d2      0x14a ff.o

.text.ld_clust  0x000000008000131c       0x60
 .text.ld_clust
                0x000000008000131c       0x60 ff.o

.text.dir_read  0x000000008000137c      0x102
 .text.dir_read
                0x000000008000137c      0x102 ff.o

.text.dir_find  0x000000008000147e       0xe8
 .text.dir_find
                0x000000008000147e       0xe8 ff.o

.text.get_fileinfo
                0x0000000080001566      0x134
 .text.get_fileinfo
                0x0000000080001566      0x134 ff.o

.text.get_achar
                0x000000008000169a       0xa8
 .text.get_achar
                0x000000008000169a       0xa8 ff.o

.text.pattern_matching
                0x0000000080001742      0x16e
 .text.pattern_matching
                0x0000000080001742      0x16e ff.o

.text.create_name
                0x00000000800018b0      0x242
 .text.create_name
                0x00000000800018b0      0x242 ff.o

.text.follow_path
                0x0000000080001af2      0x134
 .text.follow_path
                0x0000000080001af2      0x134 ff.o

.text.get_ldnumber
                0x0000000080001c26       0xda
 .text.get_ldnumber
                0x0000000080001c26       0xda ff.o

.text.check_fs  0x0000000080001d00       0xec
 .text.check_fs
                0x0000000080001d00       0xec ff.o

.text.find_volume
                0x0000000080001dec      0x10c
 .text.find_volume
                0x0000000080001dec      0x10c ff.o

.text.mount_volume
                0x0000000080001ef8      0x47c
 .text.mount_volume
                0x0000000080001ef8      0x47c ff.o

.text.validate  0x0000000080002374       0x88
 .text.validate
                0x0000000080002374       0x88 ff.o

.text.f_mount   0x00000000800023fc       0xb6
 .text.f_mount  0x00000000800023fc       0xb6 ff.o
                0x00000000800023fc                f_mount

.text.f_open    0x00000000800024b2      0x12a
 .text.f_open   0x00000000800024b2      0x12a ff.o
                0x00000000800024b2                f_open

.text.f_read    0x00000000800025dc      0x2d2
 .text.f_read   0x00000000800025dc      0x2d2 ff.o
                0x00000000800025dc                f_read

.text.f_close   0x00000000800028ae       0x40
 .text.f_close  0x00000000800028ae       0x40 ff.o
                0x00000000800028ae                f_close

.text.f_opendir
                0x00000000800028ee       0xf6
 .text.f_opendir
                0x00000000800028ee       0xf6 ff.o
                0x00000000800028ee                f_opendir

.text.f_closedir
                0x00000000800029e4       0x40
 .text.f_closedir
                0x00000000800029e4       0x40 ff.o
                0x00000000800029e4                f_closedir

.text.f_readdir
                0x0000000080002a24       0xac
 .text.f_readdir
                0x0000000080002a24       0xac ff.o
                0x0000000080002a24                f_readdir

.text.f_findnext
                0x0000000080002ad0       0x6c
 .text.f_findnext
                0x0000000080002ad0       0x6c ff.o
                0x0000000080002ad0                f_findnext

.text.f_findfirst
                0x0000000080002b3c       0x5e
 .text.f_findfirst
                0x0000000080002b3c       0x5e ff.o
                0x0000000080002b3c                f_findfirst

.text.read_u32  0x0000000080002b9a       0x30
 .text.read_u32
                0x0000000080002b9a       0x18 deb.o
 .text.read_u32
                0x0000000080002bb2       0x18 main.o

.text.uart_readOccupancy
                0x0000000080002bca       0x2a
 .text.uart_readOccupancy
                0x0000000080002bca       0x2a deb.o

.text.uart_read
                0x0000000080002bf4       0x3a
 .text.uart_read
                0x0000000080002bf4       0x3a deb.o

.text.getcon    0x0000000080002c2e       0x2e
 .text.getcon   0x0000000080002c2e       0x2e deb.o
                0x0000000080002c2e                getcon

.text.consts    0x0000000080002c5c       0x20
 .text.consts   0x0000000080002c5c       0x20 deb.o
                0x0000000080002c5c                consts

.text.putch     0x0000000080002c7c       0x56
 .text.putch    0x0000000080002c7c       0x56 deb.o
                0x0000000080002c7c                putch

.text.putcrlf   0x0000000080002cd2       0x26
 .text.putcrlf  0x0000000080002cd2       0x26 deb.o
                0x0000000080002cd2                putcrlf

.text.putback   0x0000000080002cf8       0x32
 .text.putback  0x0000000080002cf8       0x32 deb.o
                0x0000000080002cf8                putback

.text._error    0x0000000080002d2a       0x26
 .text._error   0x0000000080002d2a       0x26 deb.o
                0x0000000080002d2a                _error

.text.getline   0x0000000080002d50      0x12c
 .text.getline  0x0000000080002d50      0x12c deb.o
                0x0000000080002d50                getline

.text.inhex     0x0000000080002e7c       0x56
 .text.inhex    0x0000000080002e7c       0x56 deb.o
                0x0000000080002e7c                inhex

.text.gethex    0x0000000080002ed2       0x66
 .text.gethex   0x0000000080002ed2       0x66 deb.o
                0x0000000080002ed2                gethex

.text.getdata   0x0000000080002f38       0x3e
 .text.getdata  0x0000000080002f38       0x3e deb.o
                0x0000000080002f38                getdata

.text.ogetdata  0x0000000080002f76       0x3c
 .text.ogetdata
                0x0000000080002f76       0x3c deb.o
                0x0000000080002f76                ogetdata

.text.puthex    0x0000000080002fb2       0x4c
 .text.puthex   0x0000000080002fb2       0x4c deb.o
                0x0000000080002fb2                puthex

.text.puthxb    0x0000000080002ffe       0x38
 .text.puthxb   0x0000000080002ffe       0x38 deb.o
                0x0000000080002ffe                puthxb

.text.puthxww   0x0000000080003036       0x60
 .text.puthxww  0x0000000080003036       0x60 deb.o
                0x0000000080003036                puthxww

.text.xdump     0x0000000080003096      0x1e8
 .text.xdump    0x0000000080003096      0x1e8 deb.o
                0x0000000080003096                xdump

.text.xsubst    0x000000008000327e      0x10c
 .text.xsubst   0x000000008000327e      0x10c deb.o
                0x000000008000327e                xsubst

.text.xfill     0x000000008000338a       0xcc
 .text.xfill    0x000000008000338a       0xcc deb.o
                0x000000008000338a                xfill

.text.hx1       0x0000000080003456       0x3e
 .text.hx1      0x0000000080003456       0x3e deb.o
                0x0000000080003456                hx1

.text.hxbyte    0x0000000080003494       0x5c
 .text.hxbyte   0x0000000080003494       0x5c deb.o
                0x0000000080003494                hxbyte

.text.hxword    0x00000000800034f0       0x38
 .text.hxword   0x00000000800034f0       0x38 deb.o
                0x00000000800034f0                hxword

.text.xread     0x0000000080003528      0x15a
 .text.xread    0x0000000080003528      0x15a deb.o
                0x0000000080003528                xread

.text.hx1lp     0x0000000080003682       0x4c
 .text.hx1lp    0x0000000080003682       0x4c deb.o
                0x0000000080003682                hx1lp

.text.hxbytelp  0x00000000800036ce       0x5c
 .text.hxbytelp
                0x00000000800036ce       0x5c deb.o
                0x00000000800036ce                hxbytelp

.text.hxwordlp  0x000000008000372a       0x38
 .text.hxwordlp
                0x000000008000372a       0x38 deb.o
                0x000000008000372a                hxwordlp

.text.xdir      0x0000000080003762       0xc8
 .text.xdir     0x0000000080003762       0xc8 deb.o
                0x0000000080003762                xdir

.text.xsdread   0x000000008000382a      0x34a
 .text.xsdread  0x000000008000382a      0x34a deb.o
                0x000000008000382a                xsdread

.text.xhelp     0x0000000080003b74       0x24
 .text.xhelp    0x0000000080003b74       0x24 deb.o
                0x0000000080003b74                xhelp

.text.xgo       0x0000000080003b98       0x1c
 .text.xgo      0x0000000080003b98       0x1c deb.o
                0x0000000080003b98                xgo

.text._main     0x0000000080003bb4       0x96
 .text._main    0x0000000080003bb4       0x96 deb.o
                0x0000000080003bb4                _main

.text.irqCallback
                0x0000000080003c4a      0x1bc
 .text.irqCallback
                0x0000000080003c4a      0x1bc traphandler.o
                0x0000000080003c4a                irqCallback

.text.sysCallback
                0x0000000080003e06       0xc2
 .text.sysCallback
                0x0000000080003e06       0xc2 traphandler.o
                0x0000000080003e06                sysCallback

.text.xputc     0x0000000080003ec8       0x6c
 .text.xputc    0x0000000080003ec8       0x6c xprintf.o
                0x0000000080003ec8                xputc

.text.xputs     0x0000000080003f34       0x3c
 .text.xputs    0x0000000080003f34       0x3c xprintf.o
                0x0000000080003f34                xputs

.text.xvprintf  0x0000000080003f70      0x47e
 .text.xvprintf
                0x0000000080003f70      0x47e xprintf.o

.text.xprintf   0x00000000800043ee       0x44
 .text.xprintf  0x00000000800043ee       0x44 xprintf.o
                0x00000000800043ee                xprintf

.text.write_u32
                0x0000000080004432       0x20
 .text.write_u32
                0x0000000080004432       0x20 main.o

.text.write_u32_ad
                0x0000000080004452       0x20
 .text.write_u32_ad
                0x0000000080004452       0x20 main.o

.text.uart_writeAvailability
                0x0000000080004472       0x2e
 .text.uart_writeAvailability
                0x0000000080004472       0x2e main.o

.text.uart_write
                0x00000000800044a0       0x40
 .text.uart_write
                0x00000000800044a0       0x40 main.o

.text.uart_writeStr
                0x00000000800044e0       0x44
 .text.uart_writeStr
                0x00000000800044e0       0x44 main.o

.text.clint_getTimeLow
                0x0000000080004524       0x2c
 .text.clint_getTimeLow
                0x0000000080004524       0x2c main.o

.text.clint_uDelay
                0x0000000080004550       0x7e
 .text.clint_uDelay
                0x0000000080004550       0x7e main.o

.text.gpio_setOutput
                0x00000000800045ce       0x2e
 .text.gpio_setOutput
                0x00000000800045ce       0x2e main.o

.text.gpio_setOutputEnable
                0x00000000800045fc       0x2e
 .text.gpio_setOutputEnable
                0x00000000800045fc       0x2e main.o

.text.t2c       0x000000008000462a       0x68
 .text.t2c      0x000000008000462a       0x68 main.o

.text.sat       0x0000000080004692       0x1c
 .text.sat      0x0000000080004692       0x1c main.o

.text.sdram_udelay
                0x00000000800046ae       0x2e
 .text.sdram_udelay
                0x00000000800046ae       0x2e main.o

.text.sdram_command
                0x00000000800046dc       0x82
 .text.sdram_command
                0x00000000800046dc       0x82 main.o

.text.sdram_init
                0x000000008000475e      0x584
 .text.sdram_init
                0x000000008000475e      0x584 main.o

.text.sdram_sdr_init
                0x0000000080004ce2      0x14c
 .text.sdram_sdr_init
                0x0000000080004ce2      0x14c main.o

.text.putcon    0x0000000080004e2e       0x2a
 .text.putcon   0x0000000080004e2e       0x2a main.o
                0x0000000080004e2e                putcon

.text.main      0x0000000080004e58      0x104
 .text.main     0x0000000080004e58      0x104 main.o
                0x0000000080004e58                main

.text.__divdf3  0x0000000080004f5c      0x904
 .text.__divdf3
                0x0000000080004f5c      0x904 c:/gccriscv/8.2.0/bin/../lib/gcc/riscv-none-embed/8.2.0/rv32i/ilp32\libgcc.a(divdf3.o)
                0x0000000080004f5c                __divdf3

.text.__muldf3  0x0000000080005860      0x764
 .text.__muldf3
                0x0000000080005860      0x764 c:/gccriscv/8.2.0/bin/../lib/gcc/riscv-none-embed/8.2.0/rv32i/ilp32\libgcc.a(muldf3.o)
                0x0000000080005860                __muldf3

.text.__fixunsdfsi
                0x0000000080005fc4       0x78
 .text.__fixunsdfsi
                0x0000000080005fc4       0x78 c:/gccriscv/8.2.0/bin/../lib/gcc/riscv-none-embed/8.2.0/rv32i/ilp32\libgcc.a(fixunsdfsi.o)
                0x0000000080005fc4                __fixunsdfsi

.text.__floatunsidf
                0x000000008000603c       0xb4
 .text.__floatunsidf
                0x000000008000603c       0xb4 c:/gccriscv/8.2.0/bin/../lib/gcc/riscv-none-embed/8.2.0/rv32i/ilp32\libgcc.a(floatunsidf.o)
                0x000000008000603c                __floatunsidf

.text.__clzsi2  0x00000000800060f0       0x94
 .text.__clzsi2
                0x00000000800060f0       0x94 c:/gccriscv/8.2.0/bin/../lib/gcc/riscv-none-embed/8.2.0/rv32i/ilp32\libgcc.a(_clzsi2.o)
                0x00000000800060f0                __clzsi2

.text.__locale_ctype_ptr
                0x0000000080006184       0x2c
 .text.__locale_ctype_ptr
                0x0000000080006184       0x2c c:/gccriscv/8.2.0/bin/../lib/gcc/riscv-none-embed/8.2.0/../../../../riscv-none-embed/lib/rv32i/ilp32\libc.a(lib_a-locale.o)
                0x0000000080006184                __locale_ctype_ptr

.text.__ascii_mbtowc
                0x00000000800061b0       0x68
 .text.__ascii_mbtowc
                0x00000000800061b0       0x68 c:/gccriscv/8.2.0/bin/../lib/gcc/riscv-none-embed/8.2.0/../../../../riscv-none-embed/lib/rv32i/ilp32\libc.a(lib_a-mbtowc_r.o)
                0x00000000800061b0                __ascii_mbtowc

.text.__ascii_wctomb
                0x0000000080006218       0x30
 .text.__ascii_wctomb
                0x0000000080006218       0x30 c:/gccriscv/8.2.0/bin/../lib/gcc/riscv-none-embed/8.2.0/../../../../riscv-none-embed/lib/rv32i/ilp32\libc.a(lib_a-wctomb_r.o)
                0x0000000080006218                __ascii_wctomb

.rela.dyn       0x0000000080006248        0x0
 .rela.text     0x0000000080006248        0x0 crt.o
 .rela.text.putch
                0x0000000080006248        0x0 crt.o
 .rela.text.getline
                0x0000000080006248        0x0 crt.o
 .rela.text.gethex
                0x0000000080006248        0x0 crt.o
 .rela.text.getdata
                0x0000000080006248        0x0 crt.o
 .rela.text.ogetdata
                0x0000000080006248        0x0 crt.o
 .rela.text.xdump
                0x0000000080006248        0x0 crt.o
 .rela.text.xsubst
                0x0000000080006248        0x0 crt.o
 .rela.text.xfill
                0x0000000080006248        0x0 crt.o
 .rela.text.hxbyte
                0x0000000080006248        0x0 crt.o
 .rela.text.xread
                0x0000000080006248        0x0 crt.o
 .rela.text.hx1lp
                0x0000000080006248        0x0 crt.o
 .rela.text.hxbytelp
                0x0000000080006248        0x0 crt.o
 .rela.text.xdir
                0x0000000080006248        0x0 crt.o
 .rela.text.xsdread
                0x0000000080006248        0x0 crt.o
 .rela.text._main
                0x0000000080006248        0x0 crt.o
 .rela.text.irqCallback
                0x0000000080006248        0x0 crt.o
 .rela.text.sysCallback
                0x0000000080006248        0x0 crt.o
 .rela.text.xputc
                0x0000000080006248        0x0 crt.o
 .rela.text.main
                0x0000000080006248        0x0 crt.o

.data           0x0000000080006250      0xc78
 *(.rdata)
 *(.rodata .rodata.*)
 .rodata        0x0000000080006250       0x26 ff.o
 *fill*         0x0000000080006276        0x2 
 .rodata        0x0000000080006278      0x169 deb.o
 *fill*         0x00000000800063e1        0x7 
 .rodata        0x00000000800063e8       0xb0 traphandler.o
 .rodata        0x0000000080006498       0x7b xprintf.o
 *fill*         0x0000000080006513        0x1 
 .rodata        0x0000000080006514      0x106 main.o
 *fill*         0x000000008000661a        0x2 
 .rodata.__divdf3
                0x000000008000661c       0x40 c:/gccriscv/8.2.0/bin/../lib/gcc/riscv-none-embed/8.2.0/rv32i/ilp32\libgcc.a(divdf3.o)
 .rodata.__muldf3
                0x000000008000665c       0x40 c:/gccriscv/8.2.0/bin/../lib/gcc/riscv-none-embed/8.2.0/rv32i/ilp32\libgcc.a(muldf3.o)
 .rodata.__clz_tab
                0x000000008000669c      0x100 c:/gccriscv/8.2.0/bin/../lib/gcc/riscv-none-embed/8.2.0/rv32i/ilp32\libgcc.a(_clz.o)
                0x000000008000669c                __clz_tab
 .rodata._setlocale_r.str1.4
                0x000000008000679c        0xd c:/gccriscv/8.2.0/bin/../lib/gcc/riscv-none-embed/8.2.0/../../../../riscv-none-embed/lib/rv32i/ilp32\libc.a(lib_a-locale.o)
 *fill*         0x00000000800067a9        0x3 
 .rodata.str1.4
                0x00000000800067ac        0x4 c:/gccriscv/8.2.0/bin/../lib/gcc/riscv-none-embed/8.2.0/../../../../riscv-none-embed/lib/rv32i/ilp32\libc.a(lib_a-locale.o)
                                          0x2 (size before relaxing)
 .rodata._ctype_
                0x00000000800067b0      0x101 c:/gccriscv/8.2.0/bin/../lib/gcc/riscv-none-embed/8.2.0/../../../../riscv-none-embed/lib/rv32i/ilp32\libc.a(lib_a-ctype_.o)
                0x00000000800067b0                _ctype_
 *(.gnu.linkonce.r.*)
 *(.data .data.*)
 *fill*         0x00000000800068b1        0xf 
 .data          0x00000000800068c0       0x18 crt.o
                0x00000000800068c0                sys_mcause
                0x00000000800068c4                sys_mepc
                0x00000000800068c8                sys_ucause
                0x00000000800068cc                sys_uepc
                0x00000000800068d0                sys_irqcause
                0x00000000800068d4                sys_irqpc
 .data          0x00000000800068d8       0x48 deb.o
                0x00000000800068d8                comtbl
 .data.__global_locale
                0x0000000080006920      0x16c c:/gccriscv/8.2.0/bin/../lib/gcc/riscv-none-embed/8.2.0/../../../../riscv-none-embed/lib/rv32i/ilp32\libc.a(lib_a-locale.o)
                0x0000000080006920                __global_locale
 *fill*         0x0000000080006a8c        0x4 
 .data.impure_data
                0x0000000080006a90      0x428 c:/gccriscv/8.2.0/bin/../lib/gcc/riscv-none-embed/8.2.0/../../../../riscv-none-embed/lib/rv32i/ilp32\libc.a(lib_a-impure.o)
 *(.gnu.linkonce.d.*)
                0x0000000080006eb8                . = ALIGN (0x8)
                [!provide]                        PROVIDE (__global_pointer$ = (. + 0x800))
 *(.sdata .sdata.*)
 .sdata         0x0000000080006eb8        0x1 sdmm.o
 *fill*         0x0000000080006eb9        0x3 
 .sdata         0x0000000080006ebc        0x8 deb.o
                0x0000000080006ebc                STARTADDR
                0x0000000080006ec0                HelpMsg
 .sdata._impure_ptr
                0x0000000080006ec4        0x4 c:/gccriscv/8.2.0/bin/../lib/gcc/riscv-none-embed/8.2.0/../../../../riscv-none-embed/lib/rv32i/ilp32\libc.a(lib_a-impure.o)
                0x0000000080006ec4                _impure_ptr
 *(.gnu.linkonce.s.*)
                0x0000000080006ec8                . = ALIGN (0x8)
 *(.srodata.cst16)
 *(.srodata.cst8)
 *(.srodata.cst4)
 *(.srodata.cst2)
 *(.srodata .srodata.*)

.bss            0x0000000080008000      0x2cc
                0x0000000080008000                . = ALIGN (0x4)
                0x0000000080008000                _bss_start = .
 *(.sbss*)
 .sbss          0x0000000080008000        0x8 traphandler.o
                0x0000000080008000                irqCount
                0x0000000080008004                syscallCount
 *(.gnu.linkonce.sb.*)
 *(.bss .bss.*)
 .bss           0x0000000080008008        0x1 sdmm.o
 *fill*         0x0000000080008009        0x3 
 .bss           0x000000008000800c        0x6 ff.o
 *fill*         0x0000000080008012        0x2 
 .bss           0x0000000080008014        0x4 xprintf.o
 *(.gnu.linkonce.b.*)
 *(COMMON)
 COMMON         0x0000000080008018      0x28c deb.o
                0x0000000080008018                lp
                0x000000008000801c                FatFs
                0x0000000080008244                line
                0x0000000080008294                col
                0x0000000080008298                datap
                0x000000008000829c                Sum
                0x00000000800082a0                codep
 COMMON         0x00000000800082a4        0x4 symtable.o
                0x00000000800082a4                SYMTABLETOP
 COMMON         0x00000000800082a8       0x20 traphandler.o
                0x00000000800082a8                traparg2
                0x00000000800082ac                traparg3
                0x00000000800082b0                irqcause
                0x00000000800082b4                traparg1
                0x00000000800082b8                irqpc
                0x00000000800082bc                trapcause
                0x00000000800082c0                trappc
                0x00000000800082c4                timerPending
 COMMON         0x00000000800082c8        0x4 xprintf.o
                0x00000000800082c8                xfunc_out
                0x00000000800082cc                . = ALIGN (0x4)
                0x00000000800082cc                _bss_end = .

.rodata
 *(.rdata)
 *(.rodata .rodata.*)
 *(.gnu.linkonce.r.*)

.noinit         0x00000000800082cc        0x0
                0x00000000800082cc                . = ALIGN (0x4)
 *(.noinit .noinit.*)
                0x00000000800082cc                . = ALIGN (0x4)

.tvram          0x00000000f0040000        0x0
                0x00000000f0040000                . = ALIGN (0x4)

.framebuf       0x0000000040000000        0x0
                0x0000000040000000                . = ALIGN (0x4)

.appram         0x0000000040200000        0x0
                0x0000000040200000                . = ALIGN (0x4)

.ctors          0x0000000080006ec8        0x0
                0x0000000080006ec8                . = ALIGN (0x4)
                0x0000000080006ec8                _ctors_start = .
 *(.init_array*)
 *(SORT_BY_NAME(.ctors.*))
 *(.ctors)
                0x0000000080006ec8                . = ALIGN (0x4)
                0x0000000080006ec8                _ctors_end = .
                [!provide]                        PROVIDE (END_OF_SW_IMAGE = .)

._user_heap     0x0000000040100000   0x100000
                0x0000000040100000                . = ALIGN (0x8)
                [!provide]                        PROVIDE (end = .)
                [!provide]                        PROVIDE (_end = .)
                [!provide]                        PROVIDE (_heap_start = .)
                0x0000000040200000                . = (. + _heap_size)
 *fill*         0x0000000040100000   0x100000 
                0x0000000040200000                . = ALIGN (0x8)
                [!provide]                        PROVIDE (_heap_end = .)

._stack         0x00000000800082cc     0x3404
                0x00000000800082d0                . = ALIGN (0x10)
 *fill*         0x00000000800082cc        0x4 
                [!provide]                        PROVIDE (_stack_end = .)
                0x000000008000b6d0                . = (. + _stack_size)
 *fill*         0x00000000800082d0     0x3400 
                0x000000008000b6d0                . = ALIGN (0x10)
                0x000000008000b6d0                PROVIDE (_stack_start = .)
START GROUP
END GROUP
LOAD crt.o
LOAD vga.o
LOAD console.o
LOAD sdmm.o
LOAD ff.o
LOAD deb.o
LOAD symtable.o
LOAD traphandler.o
LOAD xprintf.o
LOAD main.o
LOAD c:/gccriscv/8.2.0/bin/../lib/gcc/riscv-none-embed/8.2.0/../../../../riscv-none-embed/lib/rv32i/ilp32\libm.a
LOAD c:/gccriscv/8.2.0/bin/../lib/gcc/riscv-none-embed/8.2.0/rv32i/ilp32\libgcc.a
START GROUP
LOAD c:/gccriscv/8.2.0/bin/../lib/gcc/riscv-none-embed/8.2.0/../../../../riscv-none-embed/lib/rv32i/ilp32\libc.a
LOAD c:/gccriscv/8.2.0/bin/../lib/gcc/riscv-none-embed/8.2.0/../../../../riscv-none-embed/lib/rv32i/ilp32\libsim.a
END GROUP
LOAD c:/gccriscv/8.2.0/bin/../lib/gcc/riscv-none-embed/8.2.0/rv32i/ilp32\libgcc.a
OUTPUT(progmem.elf elf32-littleriscv)

.debug_info     0x0000000000000000     0x555c
 .debug_info    0x0000000000000000      0x6dd sdmm.o
 .debug_info    0x00000000000006dd     0x1414 ff.o
 .debug_info    0x0000000000001af1      0xfff deb.o
 .debug_info    0x0000000000002af0      0xb58 symtable.o
 .debug_info    0x0000000000003648      0x37b traphandler.o
 .debug_info    0x00000000000039c3      0x407 xprintf.o
 .debug_info    0x0000000000003dca     0x1792 main.o

.debug_abbrev   0x0000000000000000     0x1101
 .debug_abbrev  0x0000000000000000      0x200 sdmm.o
 .debug_abbrev  0x0000000000000200      0x1f6 ff.o
 .debug_abbrev  0x00000000000003f6      0x3e8 deb.o
 .debug_abbrev  0x00000000000007de      0x259 symtable.o
 .debug_abbrev  0x0000000000000a37      0x139 traphandler.o
 .debug_abbrev  0x0000000000000b70      0x183 xprintf.o
 .debug_abbrev  0x0000000000000cf3      0x40e main.o

.debug_aranges  0x0000000000000000      0x530
 .debug_aranges
                0x0000000000000000       0x88 sdmm.o
 .debug_aranges
                0x0000000000000088      0x140 ff.o
 .debug_aranges
                0x00000000000001c8      0x180 deb.o
 .debug_aranges
                0x0000000000000348       0x38 symtable.o
 .debug_aranges
                0x0000000000000380       0x28 traphandler.o
 .debug_aranges
                0x00000000000003a8       0x60 xprintf.o
 .debug_aranges
                0x0000000000000408      0x128 main.o

.debug_ranges   0x0000000000000000      0x4d8
 .debug_ranges  0x0000000000000000       0x78 sdmm.o
 .debug_ranges  0x0000000000000078      0x130 ff.o
 .debug_ranges  0x00000000000001a8      0x170 deb.o
 .debug_ranges  0x0000000000000318       0x28 symtable.o
 .debug_ranges  0x0000000000000340       0x18 traphandler.o
 .debug_ranges  0x0000000000000358       0x50 xprintf.o
 .debug_ranges  0x00000000000003a8      0x130 main.o

.debug_line     0x0000000000000000     0x6c24
 .debug_line    0x0000000000000000      0xd9a sdmm.o
 .debug_line    0x0000000000000d9a     0x28cc ff.o
 .debug_line    0x0000000000003666     0x164f deb.o
 .debug_line    0x0000000000004cb5      0x331 symtable.o
 .debug_line    0x0000000000004fe6      0x296 traphandler.o
 .debug_line    0x000000000000527c      0x85c xprintf.o
 .debug_line    0x0000000000005ad8     0x114c main.o

.debug_str      0x0000000000000000     0x117b
 .debug_str     0x0000000000000000      0x2a8 sdmm.o
                                        0x30f (size before relaxing)
 .debug_str     0x00000000000002a8      0x3ce ff.o
                                        0x590 (size before relaxing)
 .debug_str     0x0000000000000676      0x2c0 deb.o
                                        0x651 (size before relaxing)
 .debug_str     0x0000000000000936      0x3fa symtable.o
                                        0x620 (size before relaxing)
 .debug_str     0x0000000000000d30       0xbf traphandler.o
                                        0x2e6 (size before relaxing)
 .debug_str     0x0000000000000def       0x83 xprintf.o
                                        0x175 (size before relaxing)
 .debug_str     0x0000000000000e72      0x309 main.o
                                        0xa21 (size before relaxing)

.comment        0x0000000000000000       0x39
 .comment       0x0000000000000000       0x39 sdmm.o
                                         0x3a (size before relaxing)
 .comment       0x0000000000000039       0x3a ff.o
 .comment       0x0000000000000039       0x3a deb.o
 .comment       0x0000000000000039       0x3a symtable.o
 .comment       0x0000000000000039       0x3a traphandler.o
 .comment       0x0000000000000039       0x3a xprintf.o
 .comment       0x0000000000000039       0x3a main.o

.debug_frame    0x0000000000000000     0x1788
 .debug_frame   0x0000000000000000      0x208 sdmm.o
 .debug_frame   0x0000000000000208      0x554 ff.o
 .debug_frame   0x000000000000075c      0x6a0 deb.o
 .debug_frame   0x0000000000000dfc       0x98 symtable.o
 .debug_frame   0x0000000000000e94       0x60 traphandler.o
 .debug_frame   0x0000000000000ef4      0x164 xprintf.o
 .debug_frame   0x0000000000001058      0x51c main.o
 .debug_frame   0x0000000000001574       0x60 c:/gccriscv/8.2.0/bin/../lib/gcc/riscv-none-embed/8.2.0/rv32i/ilp32\libgcc.a(divdf3.o)
 .debug_frame   0x00000000000015d4       0x54 c:/gccriscv/8.2.0/bin/../lib/gcc/riscv-none-embed/8.2.0/rv32i/ilp32\libgcc.a(muldf3.o)
 .debug_frame   0x0000000000001628       0x20 c:/gccriscv/8.2.0/bin/../lib/gcc/riscv-none-embed/8.2.0/rv32i/ilp32\libgcc.a(fixunsdfsi.o)
 .debug_frame   0x0000000000001648       0x38 c:/gccriscv/8.2.0/bin/../lib/gcc/riscv-none-embed/8.2.0/rv32i/ilp32\libgcc.a(floatunsidf.o)
 .debug_frame   0x0000000000001680       0x20 c:/gccriscv/8.2.0/bin/../lib/gcc/riscv-none-embed/8.2.0/rv32i/ilp32\libgcc.a(_clzsi2.o)
 .debug_frame   0x00000000000016a0       0x78 c:/gccriscv/8.2.0/bin/../lib/gcc/riscv-none-embed/8.2.0/../../../../riscv-none-embed/lib/rv32i/ilp32\libc.a(lib_a-locale.o)
 .debug_frame   0x0000000000001718       0x40 c:/gccriscv/8.2.0/bin/../lib/gcc/riscv-none-embed/8.2.0/../../../../riscv-none-embed/lib/rv32i/ilp32\libc.a(lib_a-mbtowc_r.o)
 .debug_frame   0x0000000000001758       0x30 c:/gccriscv/8.2.0/bin/../lib/gcc/riscv-none-embed/8.2.0/../../../../riscv-none-embed/lib/rv32i/ilp32\libc.a(lib_a-wctomb_r.o)
