Archive member included to satisfy reference by file (symbol)

c:/gccriscv/8.2.0/bin/../lib/gcc/riscv-none-embed/8.2.0/rv32i/ilp32\libgcc.a(divdf3.o)
                              deb.o (__divdf3)
c:/gccriscv/8.2.0/bin/../lib/gcc/riscv-none-embed/8.2.0/rv32i/ilp32\libgcc.a(muldf3.o)
                              deb.o (__muldf3)
c:/gccriscv/8.2.0/bin/../lib/gcc/riscv-none-embed/8.2.0/rv32i/ilp32\libgcc.a(fixunsdfsi.o)
                              deb.o (__fixunsdfsi)
c:/gccriscv/8.2.0/bin/../lib/gcc/riscv-none-embed/8.2.0/rv32i/ilp32\libgcc.a(floatunsidf.o)
                              deb.o (__floatunsidf)
c:/gccriscv/8.2.0/bin/../lib/gcc/riscv-none-embed/8.2.0/rv32i/ilp32\libgcc.a(muldi3.o)
                              ff.o (__mulsi3)
c:/gccriscv/8.2.0/bin/../lib/gcc/riscv-none-embed/8.2.0/rv32i/ilp32\libgcc.a(div.o)
                              ff.o (__udivsi3)
c:/gccriscv/8.2.0/bin/../lib/gcc/riscv-none-embed/8.2.0/rv32i/ilp32\libgcc.a(_clzsi2.o)
                              c:/gccriscv/8.2.0/bin/../lib/gcc/riscv-none-embed/8.2.0/rv32i/ilp32\libgcc.a(divdf3.o) (__clzsi2)
c:/gccriscv/8.2.0/bin/../lib/gcc/riscv-none-embed/8.2.0/rv32i/ilp32\libgcc.a(_clz.o)
                              c:/gccriscv/8.2.0/bin/../lib/gcc/riscv-none-embed/8.2.0/rv32i/ilp32\libgcc.a(_clzsi2.o) (__clz_tab)
c:/gccriscv/8.2.0/bin/../lib/gcc/riscv-none-embed/8.2.0/../../../../riscv-none-embed/lib/rv32i/ilp32\libc.a(lib_a-locale.o)
                              deb.o (__locale_ctype_ptr)
c:/gccriscv/8.2.0/bin/../lib/gcc/riscv-none-embed/8.2.0/../../../../riscv-none-embed/lib/rv32i/ilp32\libc.a(lib_a-mbtowc_r.o)
                              c:/gccriscv/8.2.0/bin/../lib/gcc/riscv-none-embed/8.2.0/../../../../riscv-none-embed/lib/rv32i/ilp32\libc.a(lib_a-locale.o) (__ascii_mbtowc)
c:/gccriscv/8.2.0/bin/../lib/gcc/riscv-none-embed/8.2.0/../../../../riscv-none-embed/lib/rv32i/ilp32\libc.a(lib_a-strcmp.o)
                              c:/gccriscv/8.2.0/bin/../lib/gcc/riscv-none-embed/8.2.0/../../../../riscv-none-embed/lib/rv32i/ilp32\libc.a(lib_a-locale.o) (strcmp)
c:/gccriscv/8.2.0/bin/../lib/gcc/riscv-none-embed/8.2.0/../../../../riscv-none-embed/lib/rv32i/ilp32\libc.a(lib_a-strlen.o)
                              symtable.o (strlen)
c:/gccriscv/8.2.0/bin/../lib/gcc/riscv-none-embed/8.2.0/../../../../riscv-none-embed/lib/rv32i/ilp32\libc.a(lib_a-strncmp.o)
                              symtable.o (strncmp)
c:/gccriscv/8.2.0/bin/../lib/gcc/riscv-none-embed/8.2.0/../../../../riscv-none-embed/lib/rv32i/ilp32\libc.a(lib_a-strncpy.o)
                              symtable.o (strncpy)
c:/gccriscv/8.2.0/bin/../lib/gcc/riscv-none-embed/8.2.0/../../../../riscv-none-embed/lib/rv32i/ilp32\libc.a(lib_a-wctomb_r.o)
                              c:/gccriscv/8.2.0/bin/../lib/gcc/riscv-none-embed/8.2.0/../../../../riscv-none-embed/lib/rv32i/ilp32\libc.a(lib_a-locale.o) (__ascii_wctomb)
c:/gccriscv/8.2.0/bin/../lib/gcc/riscv-none-embed/8.2.0/../../../../riscv-none-embed/lib/rv32i/ilp32\libc.a(lib_a-ctype_.o)
                              c:/gccriscv/8.2.0/bin/../lib/gcc/riscv-none-embed/8.2.0/../../../../riscv-none-embed/lib/rv32i/ilp32\libc.a(lib_a-locale.o) (_ctype_)
c:/gccriscv/8.2.0/bin/../lib/gcc/riscv-none-embed/8.2.0/../../../../riscv-none-embed/lib/rv32i/ilp32\libc.a(lib_a-impure.o)
                              c:/gccriscv/8.2.0/bin/../lib/gcc/riscv-none-embed/8.2.0/../../../../riscv-none-embed/lib/rv32i/ilp32\libc.a(lib_a-locale.o) (_impure_ptr)

Allocating common symbols
Common symbol       size              file

lp                  0x4               deb.o
FatFs               0x228             deb.o
traparg2            0x4               traphandler.o
xfunc_out           0x4               xprintf.o
traparg3            0x4               traphandler.o
line                0x50              deb.o
irqcause            0x4               traphandler.o
traparg1            0x4               traphandler.o
col                 0x4               deb.o
datap               0x4               deb.o
irqpc               0x4               traphandler.o
trapcause           0x4               traphandler.o
trappc              0x4               traphandler.o
Sum                 0x1               deb.o
_SYMTABLE           0x800             main.o
codep               0x4               deb.o
SYMTABLETOP         0x4               symtable.o
timerPending        0x4               traphandler.o

Discarded input sections

 .bss           0x0000000000000000        0x0 crt.o
 .text          0x0000000000000000        0x0 uart.o
 .data          0x0000000000000000        0x0 uart.o
 .bss           0x0000000000000000        0x0 uart.o
 .rodata        0x0000000000000000       0x80 uart.o
 .text.uart_writeAvailability
                0x0000000000000000       0x1e uart.o
 .text.uart_readOccupancy
                0x0000000000000000       0x1a uart.o
 .text.uart_write
                0x0000000000000000       0x36 uart.o
 .text.uart_read
                0x0000000000000000       0x3c uart.o
 .text.uart_applyConfig
                0x0000000000000000       0x46 uart.o
 .text.uart_init
                0x0000000000000000       0x3a uart.o
 .text.uart_pollrx
                0x0000000000000000        0xe uart.o
 .text.uart_polltx
                0x0000000000000000        0xe uart.o
 .text.uart_getc
                0x0000000000000000       0x20 uart.o
 .text.uart_putc
                0x0000000000000000       0x36 uart.o
 .text.uart_puts
                0x0000000000000000       0x4e uart.o
 .text._uart_wait
                0x0000000000000000       0x24 uart.o
 .debug_info    0x0000000000000000      0x41b uart.o
 .debug_abbrev  0x0000000000000000      0x1eb uart.o
 .debug_aranges
                0x0000000000000000       0x78 uart.o
 .debug_ranges  0x0000000000000000       0x68 uart.o
 .debug_line    0x0000000000000000      0x385 uart.o
 .debug_str     0x0000000000000000      0x308 uart.o
 .comment       0x0000000000000000       0x3a uart.o
 .debug_frame   0x0000000000000000      0x1ac uart.o
 .text          0x0000000000000000        0x0 vga.o
 .data          0x0000000000000000        0x0 vga.o
 .bss           0x0000000000000000        0x0 vga.o
 .rodata        0x0000000000000000       0x80 vga.o
 .text.vga_init
                0x0000000000000000       0x92 vga.o
 .text.vga_clear
                0x0000000000000000       0x5e vga.o
 .text.vga_isBusy
                0x0000000000000000       0x22 vga.o
 .text.vga_run  0x0000000000000000       0x1a vga.o
 .text.vga_stop
                0x0000000000000000       0x30 vga.o
 .debug_info    0x0000000000000000      0x2d1 vga.o
 .debug_abbrev  0x0000000000000000      0x159 vga.o
 .debug_aranges
                0x0000000000000000       0x40 vga.o
 .debug_ranges  0x0000000000000000       0x30 vga.o
 .debug_line    0x0000000000000000      0x22e vga.o
 .debug_str     0x0000000000000000      0x248 vga.o
 .comment       0x0000000000000000       0x3a vga.o
 .debug_frame   0x0000000000000000       0xb8 vga.o
 .text          0x0000000000000000        0x0 console.o
 .data          0x0000000000000000       0x11 console.o
 .bss           0x0000000000000000        0x0 console.o
 .rodata        0x0000000000000000       0x80 console.o
 .text.console_clear
                0x0000000000000000       0x52 console.o
 .text.console_scroll
                0x0000000000000000       0xb8 console.o
 .sbss          0x0000000000000000        0x8 console.o
 .text.debugout
                0x0000000000000000       0x78 console.o
 .text.debugouthex2
                0x0000000000000000       0x74 console.o
 .text.console_putc
                0x0000000000000000      0x322 console.o
 .text.console_puts
                0x0000000000000000       0x5a console.o
 .debug_info    0x0000000000000000      0x2e5 console.o
 .debug_abbrev  0x0000000000000000      0x182 console.o
 .debug_aranges
                0x0000000000000000       0x48 console.o
 .debug_ranges  0x0000000000000000       0x38 console.o
 .debug_line    0x0000000000000000      0x695 console.o
 .debug_str     0x0000000000000000      0x28b console.o
 .comment       0x0000000000000000       0x3a console.o
 .debug_frame   0x0000000000000000       0xe0 console.o
 .text          0x0000000000000000        0x0 sdmm.o
 .data          0x0000000000000000        0x0 sdmm.o
 .bss           0x0000000000000000        0x1 sdmm.o
 .rodata        0x0000000000000000       0x80 sdmm.o
 .text.dly_us   0x0000000000000000       0x2c sdmm.o
 .sdata         0x0000000000000000        0x1 sdmm.o
 .text.xmit_mmc
                0x0000000000000000       0xf6 sdmm.o
 .text.rcvr_mmc
                0x0000000000000000       0xfe sdmm.o
 .text.wait_ready
                0x0000000000000000       0x64 sdmm.o
 .text.deselect
                0x0000000000000000       0x3a sdmm.o
 .text.select   0x0000000000000000       0x54 sdmm.o
 .text.rcvr_datablock
                0x0000000000000000       0x92 sdmm.o
 .text.xmit_datablock
                0x0000000000000000       0x94 sdmm.o
 .text.send_cmd
                0x0000000000000000      0x14c sdmm.o
 .text.disk_status
                0x0000000000000000       0x26 sdmm.o
 .text.disk_initialize
                0x0000000000000000      0x266 sdmm.o
 .text.disk_read
                0x0000000000000000       0xe2 sdmm.o
 .text.disk_write
                0x0000000000000000      0x11e sdmm.o
 .text.disk_ioctl
                0x0000000000000000      0x17a sdmm.o
 .debug_info    0x0000000000000000      0x6dd sdmm.o
 .debug_abbrev  0x0000000000000000      0x200 sdmm.o
 .debug_aranges
                0x0000000000000000       0x88 sdmm.o
 .debug_ranges  0x0000000000000000       0x78 sdmm.o
 .debug_line    0x0000000000000000      0xd9a sdmm.o
 .debug_str     0x0000000000000000      0x30f sdmm.o
 .comment       0x0000000000000000       0x3a sdmm.o
 .debug_frame   0x0000000000000000      0x208 sdmm.o
 .text          0x0000000000000000        0x0 ff.o
 .data          0x0000000000000000        0x0 ff.o
 .bss           0x0000000000000000        0x6 ff.o
 .rodata        0x0000000000000000       0x26 ff.o
 .text.ld_word  0x0000000000000000       0x46 ff.o
 .text.ld_dword
                0x0000000000000000       0x64 ff.o
 .text.mem_cpy  0x0000000000000000       0x60 ff.o
 .text.mem_set  0x0000000000000000       0x4a ff.o
 .text.mem_cmp  0x0000000000000000       0x72 ff.o
 .text.chk_chr  0x0000000000000000       0x46 ff.o
 .text.dbc_1st  0x0000000000000000       0x4e ff.o
 .text.dbc_2nd  0x0000000000000000       0x66 ff.o
 .text.move_window
                0x0000000000000000       0x72 ff.o
 .text.clst2sect
                0x0000000000000000       0x5c ff.o
 .text.get_fat  0x0000000000000000      0x1ca ff.o
 .text.dir_sdi  0x0000000000000000      0x160 ff.o
 .text.dir_next
                0x0000000000000000      0x14a ff.o
 .text.ld_clust
                0x0000000000000000       0x60 ff.o
 .text.dir_read
                0x0000000000000000      0x102 ff.o
 .text.dir_find
                0x0000000000000000       0xe8 ff.o
 .text.get_fileinfo
                0x0000000000000000      0x134 ff.o
 .text.get_achar
                0x0000000000000000       0xa8 ff.o
 .text.pattern_matching
                0x0000000000000000      0x16e ff.o
 .text.create_name
                0x0000000000000000      0x242 ff.o
 .text.follow_path
                0x0000000000000000      0x134 ff.o
 .text.get_ldnumber
                0x0000000000000000       0xda ff.o
 .text.check_fs
                0x0000000000000000       0xec ff.o
 .text.find_volume
                0x0000000000000000      0x10c ff.o
 .text.mount_volume
                0x0000000000000000      0x47c ff.o
 .text.validate
                0x0000000000000000       0x88 ff.o
 .text.f_mount  0x0000000000000000       0xb6 ff.o
 .text.f_open   0x0000000000000000      0x12a ff.o
 .text.f_read   0x0000000000000000      0x2d2 ff.o
 .text.f_close  0x0000000000000000       0x40 ff.o
 .text.f_lseek  0x0000000000000000      0x262 ff.o
 .text.f_opendir
                0x0000000000000000       0xf6 ff.o
 .text.f_closedir
                0x0000000000000000       0x40 ff.o
 .text.f_readdir
                0x0000000000000000       0xac ff.o
 .text.f_findnext
                0x0000000000000000       0x6c ff.o
 .text.f_findfirst
                0x0000000000000000       0x5e ff.o
 .text.f_stat   0x0000000000000000       0x88 ff.o
 .debug_info    0x0000000000000000     0x1414 ff.o
 .debug_abbrev  0x0000000000000000      0x1f6 ff.o
 .debug_aranges
                0x0000000000000000      0x140 ff.o
 .debug_ranges  0x0000000000000000      0x130 ff.o
 .debug_line    0x0000000000000000     0x28cc ff.o
 .debug_str     0x0000000000000000      0x590 ff.o
 .comment       0x0000000000000000       0x3a ff.o
 .debug_frame   0x0000000000000000      0x554 ff.o
 .text          0x0000000000000000        0x0 deb.o
 .data          0x0000000000000000       0x50 deb.o
 .bss           0x0000000000000000        0x0 deb.o
 .rodata        0x0000000000000000      0x238 deb.o
 .text.getcon   0x0000000000000000       0x34 deb.o
 .text.consts   0x0000000000000000       0x20 deb.o
 .text.putch    0x0000000000000000       0x56 deb.o
 .text.putcrlf  0x0000000000000000       0x26 deb.o
 .text.putback  0x0000000000000000       0x32 deb.o
 .text._error   0x0000000000000000       0x26 deb.o
 .text.getline  0x0000000000000000      0x12c deb.o
 .text.inhex    0x0000000000000000       0x56 deb.o
 .text.gethex   0x0000000000000000       0x66 deb.o
 .text.getdata  0x0000000000000000       0x3e deb.o
 .text.ogetdata
                0x0000000000000000       0x3c deb.o
 .text.puthex   0x0000000000000000       0x4c deb.o
 .text.puthxb   0x0000000000000000       0x38 deb.o
 .text.puthxw   0x0000000000000000       0x3c deb.o
 .text.puthxww  0x0000000000000000       0x60 deb.o
 .text.comma    0x0000000000000000       0x3a deb.o
 .text.xdump    0x0000000000000000      0x1e8 deb.o
 .text.xsubst   0x0000000000000000      0x10c deb.o
 .text.xfill    0x0000000000000000       0xcc deb.o
 .text.hx1      0x0000000000000000       0x3e deb.o
 .text.hxbyte   0x0000000000000000       0x5c deb.o
 .text.hxword   0x0000000000000000       0x38 deb.o
 .sdata         0x0000000000000000        0x8 deb.o
 .text.xread    0x0000000000000000      0x15a deb.o
 .text.hx1lp    0x0000000000000000       0x4c deb.o
 .text.hxbytelp
                0x0000000000000000       0x5c deb.o
 .text.hxwordlp
                0x0000000000000000       0x38 deb.o
 .text.xdir     0x0000000000000000       0xc8 deb.o
 .text.xsdread  0x0000000000000000      0x34a deb.o
 .text.xtptest  0x0000000000000000      0x17e deb.o
 .text.xhelp    0x0000000000000000       0x24 deb.o
 .text.xgo      0x0000000000000000       0x1c deb.o
 .text._main    0x0000000000000000       0xca deb.o
 .debug_info    0x0000000000000000      0xd7d deb.o
 .debug_abbrev  0x0000000000000000      0x35d deb.o
 .debug_aranges
                0x0000000000000000      0x118 deb.o
 .debug_ranges  0x0000000000000000      0x108 deb.o
 .debug_line    0x0000000000000000     0x132a deb.o
 .debug_str     0x0000000000000000      0x5c6 deb.o
 .comment       0x0000000000000000       0x3a deb.o
 .debug_frame   0x0000000000000000      0x4ac deb.o
 COMMON         0x0000000000000000      0x28c deb.o
 .text          0x0000000000000000        0x0 symtable.o
 .data          0x0000000000000000        0x0 symtable.o
 .bss           0x0000000000000000        0x0 symtable.o
 .rodata        0x0000000000000000       0x80 symtable.o
 .text.symt_init
                0x0000000000000000       0x1e symtable.o
 .text.symt_clear
                0x0000000000000000       0x52 symtable.o
 .text.symt_get
                0x0000000000000000       0x82 symtable.o
 .text.symt_put
                0x0000000000000000       0xe0 symtable.o
 .text          0x0000000000000000        0x0 traphandler.o
 .data          0x0000000000000000        0x0 traphandler.o
 .bss           0x0000000000000000        0x0 traphandler.o
 .text          0x0000000000000000        0x0 xprintf.o
 .data          0x0000000000000000        0x0 xprintf.o
 .text.xfputc   0x0000000000000000       0x4e xprintf.o
 .text.xfputs   0x0000000000000000       0x64 xprintf.o
 .text.xsprintf
                0x0000000000000000       0x66 xprintf.o
 .text.xfprintf
                0x0000000000000000       0x6a xprintf.o
 .text.put_dump
                0x0000000000000000      0x18a xprintf.o
 .text          0x0000000000000000        0x0 main.o
 .data          0x0000000000000000        0x0 main.o
 .bss           0x0000000000000000        0x0 main.o
 .text.uart_writeHex
                0x0000000000000000       0x82 main.o
 .text.uart_applyConfig
                0x0000000000000000       0x62 main.o
 .text.clint_getTimeHigh
                0x0000000000000000       0x2c main.o
 .text.clint_setCmp
                0x0000000000000000       0x84 main.o
 .text.clint_getTime
                0x0000000000000000       0x90 main.o
 COMMON         0x0000000000000000      0x800 main.o
 .text          0x0000000000000000        0x0 c:/gccriscv/8.2.0/bin/../lib/gcc/riscv-none-embed/8.2.0/rv32i/ilp32\libgcc.a(divdf3.o)
 .data          0x0000000000000000        0x0 c:/gccriscv/8.2.0/bin/../lib/gcc/riscv-none-embed/8.2.0/rv32i/ilp32\libgcc.a(divdf3.o)
 .bss           0x0000000000000000        0x0 c:/gccriscv/8.2.0/bin/../lib/gcc/riscv-none-embed/8.2.0/rv32i/ilp32\libgcc.a(divdf3.o)
 .text          0x0000000000000000        0x0 c:/gccriscv/8.2.0/bin/../lib/gcc/riscv-none-embed/8.2.0/rv32i/ilp32\libgcc.a(muldf3.o)
 .data          0x0000000000000000        0x0 c:/gccriscv/8.2.0/bin/../lib/gcc/riscv-none-embed/8.2.0/rv32i/ilp32\libgcc.a(muldf3.o)
 .bss           0x0000000000000000        0x0 c:/gccriscv/8.2.0/bin/../lib/gcc/riscv-none-embed/8.2.0/rv32i/ilp32\libgcc.a(muldf3.o)
 .text          0x0000000000000000        0x0 c:/gccriscv/8.2.0/bin/../lib/gcc/riscv-none-embed/8.2.0/rv32i/ilp32\libgcc.a(fixunsdfsi.o)
 .data          0x0000000000000000        0x0 c:/gccriscv/8.2.0/bin/../lib/gcc/riscv-none-embed/8.2.0/rv32i/ilp32\libgcc.a(fixunsdfsi.o)
 .bss           0x0000000000000000        0x0 c:/gccriscv/8.2.0/bin/../lib/gcc/riscv-none-embed/8.2.0/rv32i/ilp32\libgcc.a(fixunsdfsi.o)
 .text          0x0000000000000000        0x0 c:/gccriscv/8.2.0/bin/../lib/gcc/riscv-none-embed/8.2.0/rv32i/ilp32\libgcc.a(floatunsidf.o)
 .data          0x0000000000000000        0x0 c:/gccriscv/8.2.0/bin/../lib/gcc/riscv-none-embed/8.2.0/rv32i/ilp32\libgcc.a(floatunsidf.o)
 .bss           0x0000000000000000        0x0 c:/gccriscv/8.2.0/bin/../lib/gcc/riscv-none-embed/8.2.0/rv32i/ilp32\libgcc.a(floatunsidf.o)
 .data          0x0000000000000000        0x0 c:/gccriscv/8.2.0/bin/../lib/gcc/riscv-none-embed/8.2.0/rv32i/ilp32\libgcc.a(muldi3.o)
 .bss           0x0000000000000000        0x0 c:/gccriscv/8.2.0/bin/../lib/gcc/riscv-none-embed/8.2.0/rv32i/ilp32\libgcc.a(muldi3.o)
 .data          0x0000000000000000        0x0 c:/gccriscv/8.2.0/bin/../lib/gcc/riscv-none-embed/8.2.0/rv32i/ilp32\libgcc.a(div.o)
 .bss           0x0000000000000000        0x0 c:/gccriscv/8.2.0/bin/../lib/gcc/riscv-none-embed/8.2.0/rv32i/ilp32\libgcc.a(div.o)
 .text          0x0000000000000000        0x0 c:/gccriscv/8.2.0/bin/../lib/gcc/riscv-none-embed/8.2.0/rv32i/ilp32\libgcc.a(_clzsi2.o)
 .data          0x0000000000000000        0x0 c:/gccriscv/8.2.0/bin/../lib/gcc/riscv-none-embed/8.2.0/rv32i/ilp32\libgcc.a(_clzsi2.o)
 .bss           0x0000000000000000        0x0 c:/gccriscv/8.2.0/bin/../lib/gcc/riscv-none-embed/8.2.0/rv32i/ilp32\libgcc.a(_clzsi2.o)
 .text          0x0000000000000000        0x0 c:/gccriscv/8.2.0/bin/../lib/gcc/riscv-none-embed/8.2.0/rv32i/ilp32\libgcc.a(_clz.o)
 .data          0x0000000000000000        0x0 c:/gccriscv/8.2.0/bin/../lib/gcc/riscv-none-embed/8.2.0/rv32i/ilp32\libgcc.a(_clz.o)
 .bss           0x0000000000000000        0x0 c:/gccriscv/8.2.0/bin/../lib/gcc/riscv-none-embed/8.2.0/rv32i/ilp32\libgcc.a(_clz.o)
 .text          0x0000000000000000        0x0 c:/gccriscv/8.2.0/bin/../lib/gcc/riscv-none-embed/8.2.0/../../../../riscv-none-embed/lib/rv32i/ilp32\libc.a(lib_a-locale.o)
 .data          0x0000000000000000        0x0 c:/gccriscv/8.2.0/bin/../lib/gcc/riscv-none-embed/8.2.0/../../../../riscv-none-embed/lib/rv32i/ilp32\libc.a(lib_a-locale.o)
 .bss           0x0000000000000000        0x0 c:/gccriscv/8.2.0/bin/../lib/gcc/riscv-none-embed/8.2.0/../../../../riscv-none-embed/lib/rv32i/ilp32\libc.a(lib_a-locale.o)
 .text._setlocale_r
                0x0000000000000000       0x88 c:/gccriscv/8.2.0/bin/../lib/gcc/riscv-none-embed/8.2.0/../../../../riscv-none-embed/lib/rv32i/ilp32\libc.a(lib_a-locale.o)
 .text.__locale_mb_cur_max
                0x0000000000000000       0x2c c:/gccriscv/8.2.0/bin/../lib/gcc/riscv-none-embed/8.2.0/../../../../riscv-none-embed/lib/rv32i/ilp32\libc.a(lib_a-locale.o)
 .text.__locale_ctype_ptr_l
                0x0000000000000000        0x8 c:/gccriscv/8.2.0/bin/../lib/gcc/riscv-none-embed/8.2.0/../../../../riscv-none-embed/lib/rv32i/ilp32\libc.a(lib_a-locale.o)
 .text.__locale_ctype_ptr
                0x0000000000000000       0x2c c:/gccriscv/8.2.0/bin/../lib/gcc/riscv-none-embed/8.2.0/../../../../riscv-none-embed/lib/rv32i/ilp32\libc.a(lib_a-locale.o)
 .text.setlocale
                0x0000000000000000       0x1c c:/gccriscv/8.2.0/bin/../lib/gcc/riscv-none-embed/8.2.0/../../../../riscv-none-embed/lib/rv32i/ilp32\libc.a(lib_a-locale.o)
 .data.__global_locale
                0x0000000000000000      0x16c c:/gccriscv/8.2.0/bin/../lib/gcc/riscv-none-embed/8.2.0/../../../../riscv-none-embed/lib/rv32i/ilp32\libc.a(lib_a-locale.o)
 .rodata._setlocale_r.str1.4
                0x0000000000000000        0xd c:/gccriscv/8.2.0/bin/../lib/gcc/riscv-none-embed/8.2.0/../../../../riscv-none-embed/lib/rv32i/ilp32\libc.a(lib_a-locale.o)
 .rodata.str1.4
                0x0000000000000000        0x2 c:/gccriscv/8.2.0/bin/../lib/gcc/riscv-none-embed/8.2.0/../../../../riscv-none-embed/lib/rv32i/ilp32\libc.a(lib_a-locale.o)
 .sbss._PathLocale
                0x0000000000000000        0x4 c:/gccriscv/8.2.0/bin/../lib/gcc/riscv-none-embed/8.2.0/../../../../riscv-none-embed/lib/rv32i/ilp32\libc.a(lib_a-locale.o)
 .debug_frame   0x0000000000000000       0x78 c:/gccriscv/8.2.0/bin/../lib/gcc/riscv-none-embed/8.2.0/../../../../riscv-none-embed/lib/rv32i/ilp32\libc.a(lib_a-locale.o)
 .text          0x0000000000000000        0x0 c:/gccriscv/8.2.0/bin/../lib/gcc/riscv-none-embed/8.2.0/../../../../riscv-none-embed/lib/rv32i/ilp32\libc.a(lib_a-mbtowc_r.o)
 .data          0x0000000000000000        0x0 c:/gccriscv/8.2.0/bin/../lib/gcc/riscv-none-embed/8.2.0/../../../../riscv-none-embed/lib/rv32i/ilp32\libc.a(lib_a-mbtowc_r.o)
 .bss           0x0000000000000000        0x0 c:/gccriscv/8.2.0/bin/../lib/gcc/riscv-none-embed/8.2.0/../../../../riscv-none-embed/lib/rv32i/ilp32\libc.a(lib_a-mbtowc_r.o)
 .text._mbtowc_r
                0x0000000000000000       0x2c c:/gccriscv/8.2.0/bin/../lib/gcc/riscv-none-embed/8.2.0/../../../../riscv-none-embed/lib/rv32i/ilp32\libc.a(lib_a-mbtowc_r.o)
 .text.__ascii_mbtowc
                0x0000000000000000       0x68 c:/gccriscv/8.2.0/bin/../lib/gcc/riscv-none-embed/8.2.0/../../../../riscv-none-embed/lib/rv32i/ilp32\libc.a(lib_a-mbtowc_r.o)
 .debug_frame   0x0000000000000000       0x40 c:/gccriscv/8.2.0/bin/../lib/gcc/riscv-none-embed/8.2.0/../../../../riscv-none-embed/lib/rv32i/ilp32\libc.a(lib_a-mbtowc_r.o)
 .text          0x0000000000000000      0x17c c:/gccriscv/8.2.0/bin/../lib/gcc/riscv-none-embed/8.2.0/../../../../riscv-none-embed/lib/rv32i/ilp32\libc.a(lib_a-strcmp.o)
 .data          0x0000000000000000        0x0 c:/gccriscv/8.2.0/bin/../lib/gcc/riscv-none-embed/8.2.0/../../../../riscv-none-embed/lib/rv32i/ilp32\libc.a(lib_a-strcmp.o)
 .bss           0x0000000000000000        0x0 c:/gccriscv/8.2.0/bin/../lib/gcc/riscv-none-embed/8.2.0/../../../../riscv-none-embed/lib/rv32i/ilp32\libc.a(lib_a-strcmp.o)
 .text          0x0000000000000000        0x0 c:/gccriscv/8.2.0/bin/../lib/gcc/riscv-none-embed/8.2.0/../../../../riscv-none-embed/lib/rv32i/ilp32\libc.a(lib_a-strlen.o)
 .data          0x0000000000000000        0x0 c:/gccriscv/8.2.0/bin/../lib/gcc/riscv-none-embed/8.2.0/../../../../riscv-none-embed/lib/rv32i/ilp32\libc.a(lib_a-strlen.o)
 .bss           0x0000000000000000        0x0 c:/gccriscv/8.2.0/bin/../lib/gcc/riscv-none-embed/8.2.0/../../../../riscv-none-embed/lib/rv32i/ilp32\libc.a(lib_a-strlen.o)
 .text.strlen   0x0000000000000000       0x8c c:/gccriscv/8.2.0/bin/../lib/gcc/riscv-none-embed/8.2.0/../../../../riscv-none-embed/lib/rv32i/ilp32\libc.a(lib_a-strlen.o)
 .debug_frame   0x0000000000000000       0x20 c:/gccriscv/8.2.0/bin/../lib/gcc/riscv-none-embed/8.2.0/../../../../riscv-none-embed/lib/rv32i/ilp32\libc.a(lib_a-strlen.o)
 .text          0x0000000000000000        0x0 c:/gccriscv/8.2.0/bin/../lib/gcc/riscv-none-embed/8.2.0/../../../../riscv-none-embed/lib/rv32i/ilp32\libc.a(lib_a-strncmp.o)
 .data          0x0000000000000000        0x0 c:/gccriscv/8.2.0/bin/../lib/gcc/riscv-none-embed/8.2.0/../../../../riscv-none-embed/lib/rv32i/ilp32\libc.a(lib_a-strncmp.o)
 .bss           0x0000000000000000        0x0 c:/gccriscv/8.2.0/bin/../lib/gcc/riscv-none-embed/8.2.0/../../../../riscv-none-embed/lib/rv32i/ilp32\libc.a(lib_a-strncmp.o)
 .text.strncmp  0x0000000000000000       0xf0 c:/gccriscv/8.2.0/bin/../lib/gcc/riscv-none-embed/8.2.0/../../../../riscv-none-embed/lib/rv32i/ilp32\libc.a(lib_a-strncmp.o)
 .debug_frame   0x0000000000000000       0x20 c:/gccriscv/8.2.0/bin/../lib/gcc/riscv-none-embed/8.2.0/../../../../riscv-none-embed/lib/rv32i/ilp32\libc.a(lib_a-strncmp.o)
 .text          0x0000000000000000        0x0 c:/gccriscv/8.2.0/bin/../lib/gcc/riscv-none-embed/8.2.0/../../../../riscv-none-embed/lib/rv32i/ilp32\libc.a(lib_a-strncpy.o)
 .data          0x0000000000000000        0x0 c:/gccriscv/8.2.0/bin/../lib/gcc/riscv-none-embed/8.2.0/../../../../riscv-none-embed/lib/rv32i/ilp32\libc.a(lib_a-strncpy.o)
 .bss           0x0000000000000000        0x0 c:/gccriscv/8.2.0/bin/../lib/gcc/riscv-none-embed/8.2.0/../../../../riscv-none-embed/lib/rv32i/ilp32\libc.a(lib_a-strncpy.o)
 .text.strncpy  0x0000000000000000       0xcc c:/gccriscv/8.2.0/bin/../lib/gcc/riscv-none-embed/8.2.0/../../../../riscv-none-embed/lib/rv32i/ilp32\libc.a(lib_a-strncpy.o)
 .debug_frame   0x0000000000000000       0x20 c:/gccriscv/8.2.0/bin/../lib/gcc/riscv-none-embed/8.2.0/../../../../riscv-none-embed/lib/rv32i/ilp32\libc.a(lib_a-strncpy.o)
 .text          0x0000000000000000        0x0 c:/gccriscv/8.2.0/bin/../lib/gcc/riscv-none-embed/8.2.0/../../../../riscv-none-embed/lib/rv32i/ilp32\libc.a(lib_a-wctomb_r.o)
 .data          0x0000000000000000        0x0 c:/gccriscv/8.2.0/bin/../lib/gcc/riscv-none-embed/8.2.0/../../../../riscv-none-embed/lib/rv32i/ilp32\libc.a(lib_a-wctomb_r.o)
 .bss           0x0000000000000000        0x0 c:/gccriscv/8.2.0/bin/../lib/gcc/riscv-none-embed/8.2.0/../../../../riscv-none-embed/lib/rv32i/ilp32\libc.a(lib_a-wctomb_r.o)
 .text._wctomb_r
                0x0000000000000000       0x2c c:/gccriscv/8.2.0/bin/../lib/gcc/riscv-none-embed/8.2.0/../../../../riscv-none-embed/lib/rv32i/ilp32\libc.a(lib_a-wctomb_r.o)
 .text.__ascii_wctomb
                0x0000000000000000       0x30 c:/gccriscv/8.2.0/bin/../lib/gcc/riscv-none-embed/8.2.0/../../../../riscv-none-embed/lib/rv32i/ilp32\libc.a(lib_a-wctomb_r.o)
 .debug_frame   0x0000000000000000       0x30 c:/gccriscv/8.2.0/bin/../lib/gcc/riscv-none-embed/8.2.0/../../../../riscv-none-embed/lib/rv32i/ilp32\libc.a(lib_a-wctomb_r.o)
 .text          0x0000000000000000        0x0 c:/gccriscv/8.2.0/bin/../lib/gcc/riscv-none-embed/8.2.0/../../../../riscv-none-embed/lib/rv32i/ilp32\libc.a(lib_a-ctype_.o)
 .data          0x0000000000000000        0x0 c:/gccriscv/8.2.0/bin/../lib/gcc/riscv-none-embed/8.2.0/../../../../riscv-none-embed/lib/rv32i/ilp32\libc.a(lib_a-ctype_.o)
 .bss           0x0000000000000000        0x0 c:/gccriscv/8.2.0/bin/../lib/gcc/riscv-none-embed/8.2.0/../../../../riscv-none-embed/lib/rv32i/ilp32\libc.a(lib_a-ctype_.o)
 .rodata._ctype_
                0x0000000000000000      0x101 c:/gccriscv/8.2.0/bin/../lib/gcc/riscv-none-embed/8.2.0/../../../../riscv-none-embed/lib/rv32i/ilp32\libc.a(lib_a-ctype_.o)
 .text          0x0000000000000000        0x0 c:/gccriscv/8.2.0/bin/../lib/gcc/riscv-none-embed/8.2.0/../../../../riscv-none-embed/lib/rv32i/ilp32\libc.a(lib_a-impure.o)
 .data          0x0000000000000000        0x0 c:/gccriscv/8.2.0/bin/../lib/gcc/riscv-none-embed/8.2.0/../../../../riscv-none-embed/lib/rv32i/ilp32\libc.a(lib_a-impure.o)
 .bss           0x0000000000000000        0x0 c:/gccriscv/8.2.0/bin/../lib/gcc/riscv-none-embed/8.2.0/../../../../riscv-none-embed/lib/rv32i/ilp32\libc.a(lib_a-impure.o)
 .data.impure_data
                0x0000000000000000      0x428 c:/gccriscv/8.2.0/bin/../lib/gcc/riscv-none-embed/8.2.0/../../../../riscv-none-embed/lib/rv32i/ilp32\libc.a(lib_a-impure.o)
 .sdata._impure_ptr
                0x0000000000000000        0x4 c:/gccriscv/8.2.0/bin/../lib/gcc/riscv-none-embed/8.2.0/../../../../riscv-none-embed/lib/rv32i/ilp32\libc.a(lib_a-impure.o)
 .sdata2._global_impure_ptr
                0x0000000000000000        0x4 c:/gccriscv/8.2.0/bin/../lib/gcc/riscv-none-embed/8.2.0/../../../../riscv-none-embed/lib/rv32i/ilp32\libc.a(lib_a-impure.o)

Memory Configuration

Name             Origin             Length             Attributes
RAM              0x0000000080000000 0x0000000000008000 xrw
RAM2             0x0000000080008000 0x0000000000004000 xrw
TVRAM            0x00000000f0040000 0x0000000000004000 xrw
FRAMEBUF         0x0000000040000000 0x0000000000100000 xrw
HEAPRAM          0x0000000040100000 0x0000000000100000 xrw
APPRAM           0x0000000040200000 0x0000000000600000 xrw
*default*        0x0000000000000000 0xffffffffffffffff

Linker script and memory map

                0x0000000000003400                _stack_size = 0x3400
                0x0000000000100000                _heap_size = 0x100000

._vector        0x0000000080000000      0x1e2
 *crt.o(.start_jump)
 .start_jump    0x0000000080000000        0xe crt.o
                0x0000000080000000                crtStart
 *crt.o(.text)
 *fill*         0x000000008000000e       0x12 
 .text          0x0000000080000020      0x1c2 crt.o
                0x0000000080000020                trap_entry
                0x000000008000015e                flushDataCache
                0x000000008000016a                syscall0

.memory         0x00000000800001e4       0xd8
 *(.text)
 .text          0x00000000800001e4       0x24 c:/gccriscv/8.2.0/bin/../lib/gcc/riscv-none-embed/8.2.0/rv32i/ilp32\libgcc.a(muldi3.o)
                0x00000000800001e4                __mulsi3
 .text          0x0000000080000208       0xb4 c:/gccriscv/8.2.0/bin/../lib/gcc/riscv-none-embed/8.2.0/rv32i/ilp32\libgcc.a(div.o)
                0x0000000080000208                __divsi3
                0x0000000080000210                __udivsi3
                0x0000000080000258                __umodsi3
                0x000000008000028c                __modsi3
                0x00000000800002bc                end = .

.text.irqCallback
                0x00000000800002bc      0x1bc
 .text.irqCallback
                0x00000000800002bc      0x1bc traphandler.o
                0x00000000800002bc                irqCallback

.text.sysCallback
                0x0000000080000478       0xc2
 .text.sysCallback
                0x0000000080000478       0xc2 traphandler.o
                0x0000000080000478                sysCallback

.text.xputc     0x000000008000053a       0x6c
 .text.xputc    0x000000008000053a       0x6c xprintf.o
                0x000000008000053a                xputc

.text.xputs     0x00000000800005a6       0x3c
 .text.xputs    0x00000000800005a6       0x3c xprintf.o
                0x00000000800005a6                xputs

.text.xvprintf  0x00000000800005e2      0x47e
 .text.xvprintf
                0x00000000800005e2      0x47e xprintf.o

.text.xprintf   0x0000000080000a60       0x44
 .text.xprintf  0x0000000080000a60       0x44 xprintf.o
                0x0000000080000a60                xprintf

.text.read_u32  0x0000000080000aa4       0x18
 .text.read_u32
                0x0000000080000aa4       0x18 main.o

.text.write_u32
                0x0000000080000abc       0x20
 .text.write_u32
                0x0000000080000abc       0x20 main.o

.text.uart_writeAvailability
                0x0000000080000adc       0x2e
 .text.uart_writeAvailability
                0x0000000080000adc       0x2e main.o

.text.uart_readOccupancy
                0x0000000080000b0a       0x2a
 .text.uart_readOccupancy
                0x0000000080000b0a       0x2a main.o

.text.uart_write
                0x0000000080000b34       0x40
 .text.uart_write
                0x0000000080000b34       0x40 main.o

.text.uart_writeStr
                0x0000000080000b74       0x44
 .text.uart_writeStr
                0x0000000080000b74       0x44 main.o

.text.uart_read
                0x0000000080000bb8       0x3a
 .text.uart_read
                0x0000000080000bb8       0x3a main.o

.text.clint_getTimeLow
                0x0000000080000bf2       0x2c
 .text.clint_getTimeLow
                0x0000000080000bf2       0x2c main.o

.text.clint_uDelay
                0x0000000080000c1e       0x7e
 .text.clint_uDelay
                0x0000000080000c1e       0x7e main.o

.text.gpio_getOutput
                0x0000000080000c9c       0x28
 .text.gpio_getOutput
                0x0000000080000c9c       0x28 main.o

.text.gpio_setOutput
                0x0000000080000cc4       0x2e
 .text.gpio_setOutput
                0x0000000080000cc4       0x2e main.o

.text.gpio_setOutputEnable
                0x0000000080000cf2       0x2e
 .text.gpio_setOutputEnable
                0x0000000080000cf2       0x2e main.o

.text.main      0x0000000080000d20       0xac
 .text.main     0x0000000080000d20       0xac main.o
                0x0000000080000d20                main

.text.__divdf3  0x0000000080000dcc      0x904
 .text.__divdf3
                0x0000000080000dcc      0x904 c:/gccriscv/8.2.0/bin/../lib/gcc/riscv-none-embed/8.2.0/rv32i/ilp32\libgcc.a(divdf3.o)
                0x0000000080000dcc                __divdf3

.text.__muldf3  0x00000000800016d0      0x764
 .text.__muldf3
                0x00000000800016d0      0x764 c:/gccriscv/8.2.0/bin/../lib/gcc/riscv-none-embed/8.2.0/rv32i/ilp32\libgcc.a(muldf3.o)
                0x00000000800016d0                __muldf3

.text.__fixunsdfsi
                0x0000000080001e34       0x78
 .text.__fixunsdfsi
                0x0000000080001e34       0x78 c:/gccriscv/8.2.0/bin/../lib/gcc/riscv-none-embed/8.2.0/rv32i/ilp32\libgcc.a(fixunsdfsi.o)
                0x0000000080001e34                __fixunsdfsi

.text.__floatunsidf
                0x0000000080001eac       0xb4
 .text.__floatunsidf
                0x0000000080001eac       0xb4 c:/gccriscv/8.2.0/bin/../lib/gcc/riscv-none-embed/8.2.0/rv32i/ilp32\libgcc.a(floatunsidf.o)
                0x0000000080001eac                __floatunsidf

.text.__clzsi2  0x0000000080001f60       0x94
 .text.__clzsi2
                0x0000000080001f60       0x94 c:/gccriscv/8.2.0/bin/../lib/gcc/riscv-none-embed/8.2.0/rv32i/ilp32\libgcc.a(_clzsi2.o)
                0x0000000080001f60                __clzsi2

.rela.dyn       0x0000000080001ff4        0x0
 .rela.text     0x0000000080001ff4        0x0 crt.o
 .rela.text.irqCallback
                0x0000000080001ff4        0x0 crt.o
 .rela.text.sysCallback
                0x0000000080001ff4        0x0 crt.o
 .rela.text.xputc
                0x0000000080001ff4        0x0 crt.o

.data           0x0000000080002000      0x2e8
 *(.rdata)
 *(.rodata .rodata.*)
 .rodata        0x0000000080002000       0xb0 traphandler.o
 .rodata        0x00000000800020b0       0x7b xprintf.o
 *fill*         0x000000008000212b        0x1 
 .rodata        0x000000008000212c       0x18 main.o
 .rodata.__divdf3
                0x0000000080002144       0x40 c:/gccriscv/8.2.0/bin/../lib/gcc/riscv-none-embed/8.2.0/rv32i/ilp32\libgcc.a(divdf3.o)
 .rodata.__muldf3
                0x0000000080002184       0x40 c:/gccriscv/8.2.0/bin/../lib/gcc/riscv-none-embed/8.2.0/rv32i/ilp32\libgcc.a(muldf3.o)
 .rodata.__clz_tab
                0x00000000800021c4      0x100 c:/gccriscv/8.2.0/bin/../lib/gcc/riscv-none-embed/8.2.0/rv32i/ilp32\libgcc.a(_clz.o)
                0x00000000800021c4                __clz_tab
 *(.gnu.linkonce.r.*)
 *(.data .data.*)
 *fill*         0x00000000800022c4        0xc 
 .data          0x00000000800022d0       0x18 crt.o
                0x00000000800022d0                sys_mcause
                0x00000000800022d4                sys_mepc
                0x00000000800022d8                sys_ucause
                0x00000000800022dc                sys_uepc
                0x00000000800022e0                sys_irqcause
                0x00000000800022e4                sys_irqpc
 *(.gnu.linkonce.d.*)
                0x00000000800022e8                . = ALIGN (0x8)
                [!provide]                        PROVIDE (__global_pointer$ = (. + 0x800))
 *(.sdata .sdata.*)
 *(.gnu.linkonce.s.*)
                0x00000000800022e8                . = ALIGN (0x8)
 *(.srodata.cst16)
 *(.srodata.cst8)
 *(.srodata.cst4)
 *(.srodata.cst2)
 *(.srodata .srodata.*)

.bss            0x0000000080008000       0x34
                0x0000000080008000                . = ALIGN (0x4)
                0x0000000080008000                _bss_start = .
 *(.sbss*)
 .sbss          0x0000000080008000        0x8 traphandler.o
                0x0000000080008000                irqCount
                0x0000000080008004                syscallCount
 *(.gnu.linkonce.sb.*)
 *(.bss .bss.*)
 .bss           0x0000000080008008        0x4 xprintf.o
 *(.gnu.linkonce.b.*)
 *(COMMON)
 COMMON         0x000000008000800c        0x4 symtable.o
                0x000000008000800c                SYMTABLETOP
 COMMON         0x0000000080008010       0x20 traphandler.o
                0x0000000080008010                traparg2
                0x0000000080008014                traparg3
                0x0000000080008018                irqcause
                0x000000008000801c                traparg1
                0x0000000080008020                irqpc
                0x0000000080008024                trapcause
                0x0000000080008028                trappc
                0x000000008000802c                timerPending
 COMMON         0x0000000080008030        0x4 xprintf.o
                0x0000000080008030                xfunc_out
                0x0000000080008034                . = ALIGN (0x4)
                0x0000000080008034                _bss_end = .

.rodata
 *(.rdata)
 *(.rodata .rodata.*)
 *(.gnu.linkonce.r.*)

.noinit         0x0000000080008034        0x0
                0x0000000080008034                . = ALIGN (0x4)
 *(.noinit .noinit.*)
                0x0000000080008034                . = ALIGN (0x4)

.tvram          0x00000000f0040000        0x0
                0x00000000f0040000                . = ALIGN (0x4)

.framebuf       0x0000000040000000        0x0
                0x0000000040000000                . = ALIGN (0x4)

.appram         0x0000000040200000        0x0
                0x0000000040200000                . = ALIGN (0x4)

.ctors          0x00000000800022e8        0x0
                0x00000000800022e8                . = ALIGN (0x4)
                0x00000000800022e8                _ctors_start = .
 *(.init_array*)
 *(SORT_BY_NAME(.ctors.*))
 *(.ctors)
                0x00000000800022e8                . = ALIGN (0x4)
                0x00000000800022e8                _ctors_end = .
                [!provide]                        PROVIDE (END_OF_SW_IMAGE = .)

._user_heap     0x0000000040100000   0x100000
                0x0000000040100000                . = ALIGN (0x8)
                [!provide]                        PROVIDE (end = .)
                [!provide]                        PROVIDE (_end = .)
                [!provide]                        PROVIDE (_heap_start = .)
                0x0000000040200000                . = (. + _heap_size)
 *fill*         0x0000000040100000   0x100000 
                0x0000000040200000                . = ALIGN (0x8)
                [!provide]                        PROVIDE (_heap_end = .)

._stack         0x0000000080008034     0x340c
                0x0000000080008040                . = ALIGN (0x10)
 *fill*         0x0000000080008034        0xc 
                [!provide]                        PROVIDE (_stack_end = .)
                0x000000008000b440                . = (. + _stack_size)
 *fill*         0x0000000080008040     0x3400 
                0x000000008000b440                . = ALIGN (0x10)
                0x000000008000b440                PROVIDE (_stack_start = .)
START GROUP
END GROUP
LOAD crt.o
LOAD uart.o
LOAD vga.o
LOAD console.o
LOAD sdmm.o
LOAD ff.o
LOAD deb.o
LOAD symtable.o
LOAD traphandler.o
LOAD xprintf.o
LOAD main.o
LOAD c:/gccriscv/8.2.0/bin/../lib/gcc/riscv-none-embed/8.2.0/../../../../riscv-none-embed/lib/rv32i/ilp32\libm.a
LOAD c:/gccriscv/8.2.0/bin/../lib/gcc/riscv-none-embed/8.2.0/rv32i/ilp32\libgcc.a
START GROUP
LOAD c:/gccriscv/8.2.0/bin/../lib/gcc/riscv-none-embed/8.2.0/../../../../riscv-none-embed/lib/rv32i/ilp32\libc.a
LOAD c:/gccriscv/8.2.0/bin/../lib/gcc/riscv-none-embed/8.2.0/../../../../riscv-none-embed/lib/rv32i/ilp32\libsim.a
END GROUP
LOAD c:/gccriscv/8.2.0/bin/../lib/gcc/riscv-none-embed/8.2.0/rv32i/ilp32\libgcc.a
OUTPUT(progmem.elf elf32-littleriscv)

.debug_info     0x0000000000000000     0x21d2
 .debug_info    0x0000000000000000      0xb58 symtable.o
 .debug_info    0x0000000000000b58      0x37b traphandler.o
 .debug_info    0x0000000000000ed3      0x407 xprintf.o
 .debug_info    0x00000000000012da      0xef8 main.o

.debug_abbrev   0x0000000000000000      0x7e6
 .debug_abbrev  0x0000000000000000      0x259 symtable.o
 .debug_abbrev  0x0000000000000259      0x139 traphandler.o
 .debug_abbrev  0x0000000000000392      0x183 xprintf.o
 .debug_abbrev  0x0000000000000515      0x2d1 main.o

.debug_aranges  0x0000000000000000      0x168
 .debug_aranges
                0x0000000000000000       0x38 symtable.o
 .debug_aranges
                0x0000000000000038       0x28 traphandler.o
 .debug_aranges
                0x0000000000000060       0x60 xprintf.o
 .debug_aranges
                0x00000000000000c0       0xa8 main.o

.debug_ranges   0x0000000000000000      0x128
 .debug_ranges  0x0000000000000000       0x28 symtable.o
 .debug_ranges  0x0000000000000028       0x18 traphandler.o
 .debug_ranges  0x0000000000000040       0x50 xprintf.o
 .debug_ranges  0x0000000000000090       0x98 main.o

.debug_line     0x0000000000000000     0x1453
 .debug_line    0x0000000000000000      0x331 symtable.o
 .debug_line    0x0000000000000331      0x296 traphandler.o
 .debug_line    0x00000000000005c7      0x85c xprintf.o
 .debug_line    0x0000000000000e23      0x630 main.o

.debug_str      0x0000000000000000      0x8e3
 .debug_str     0x0000000000000000      0x5a9 symtable.o
                                        0x620 (size before relaxing)
 .debug_str     0x00000000000005a9       0xc9 traphandler.o
                                        0x2e6 (size before relaxing)
 .debug_str     0x0000000000000672       0x88 xprintf.o
                                        0x175 (size before relaxing)
 .debug_str     0x00000000000006fa      0x1e9 main.o
                                        0x765 (size before relaxing)

.comment        0x0000000000000000       0x39
 .comment       0x0000000000000000       0x39 symtable.o
                                         0x3a (size before relaxing)
 .comment       0x0000000000000039       0x3a traphandler.o
 .comment       0x0000000000000039       0x3a xprintf.o
 .comment       0x0000000000000039       0x3a main.o

.debug_frame    0x0000000000000000      0x63c
 .debug_frame   0x0000000000000000       0x98 symtable.o
 .debug_frame   0x0000000000000098       0x60 traphandler.o
 .debug_frame   0x00000000000000f8      0x164 xprintf.o
 .debug_frame   0x000000000000025c      0x2b4 main.o
 .debug_frame   0x0000000000000510       0x60 c:/gccriscv/8.2.0/bin/../lib/gcc/riscv-none-embed/8.2.0/rv32i/ilp32\libgcc.a(divdf3.o)
 .debug_frame   0x0000000000000570       0x54 c:/gccriscv/8.2.0/bin/../lib/gcc/riscv-none-embed/8.2.0/rv32i/ilp32\libgcc.a(muldf3.o)
 .debug_frame   0x00000000000005c4       0x20 c:/gccriscv/8.2.0/bin/../lib/gcc/riscv-none-embed/8.2.0/rv32i/ilp32\libgcc.a(fixunsdfsi.o)
 .debug_frame   0x00000000000005e4       0x38 c:/gccriscv/8.2.0/bin/../lib/gcc/riscv-none-embed/8.2.0/rv32i/ilp32\libgcc.a(floatunsidf.o)
 .debug_frame   0x000000000000061c       0x20 c:/gccriscv/8.2.0/bin/../lib/gcc/riscv-none-embed/8.2.0/rv32i/ilp32\libgcc.a(_clzsi2.o)
