Archive member included to satisfy reference by file (symbol)

c:/gccriscv/8.2.0/bin/../lib/gcc/riscv-none-embed/8.2.0/rv32i/ilp32\libgcc.a(muldi3.o)
                              ff.o (__mulsi3)
c:/gccriscv/8.2.0/bin/../lib/gcc/riscv-none-embed/8.2.0/rv32i/ilp32\libgcc.a(div.o)
                              main.o (__divsi3)
c:/gccriscv/8.2.0/bin/../lib/gcc/riscv-none-embed/8.2.0/../../../../riscv-none-embed/lib/rv32i/ilp32\libc.a(lib_a-locale.o)
                              deb.o (__locale_ctype_ptr)
c:/gccriscv/8.2.0/bin/../lib/gcc/riscv-none-embed/8.2.0/../../../../riscv-none-embed/lib/rv32i/ilp32\libc.a(lib_a-malloc.o)
                              main.o (malloc)
c:/gccriscv/8.2.0/bin/../lib/gcc/riscv-none-embed/8.2.0/../../../../riscv-none-embed/lib/rv32i/ilp32\libc.a(lib_a-mallocr.o)
                              c:/gccriscv/8.2.0/bin/../lib/gcc/riscv-none-embed/8.2.0/../../../../riscv-none-embed/lib/rv32i/ilp32\libc.a(lib_a-malloc.o) (_malloc_r)
c:/gccriscv/8.2.0/bin/../lib/gcc/riscv-none-embed/8.2.0/../../../../riscv-none-embed/lib/rv32i/ilp32\libc.a(lib_a-mbtowc_r.o)
                              c:/gccriscv/8.2.0/bin/../lib/gcc/riscv-none-embed/8.2.0/../../../../riscv-none-embed/lib/rv32i/ilp32\libc.a(lib_a-locale.o) (__ascii_mbtowc)
c:/gccriscv/8.2.0/bin/../lib/gcc/riscv-none-embed/8.2.0/../../../../riscv-none-embed/lib/rv32i/ilp32\libc.a(lib_a-mlock.o)
                              c:/gccriscv/8.2.0/bin/../lib/gcc/riscv-none-embed/8.2.0/../../../../riscv-none-embed/lib/rv32i/ilp32\libc.a(lib_a-mallocr.o) (__malloc_lock)
c:/gccriscv/8.2.0/bin/../lib/gcc/riscv-none-embed/8.2.0/../../../../riscv-none-embed/lib/rv32i/ilp32\libc.a(lib_a-sbrkr.o)
                              c:/gccriscv/8.2.0/bin/../lib/gcc/riscv-none-embed/8.2.0/../../../../riscv-none-embed/lib/rv32i/ilp32\libc.a(lib_a-mallocr.o) (_sbrk_r)
c:/gccriscv/8.2.0/bin/../lib/gcc/riscv-none-embed/8.2.0/../../../../riscv-none-embed/lib/rv32i/ilp32\libc.a(lib_a-strcmp.o)
                              c:/gccriscv/8.2.0/bin/../lib/gcc/riscv-none-embed/8.2.0/../../../../riscv-none-embed/lib/rv32i/ilp32\libc.a(lib_a-locale.o) (strcmp)
c:/gccriscv/8.2.0/bin/../lib/gcc/riscv-none-embed/8.2.0/../../../../riscv-none-embed/lib/rv32i/ilp32\libc.a(lib_a-strlen.o)
                              symtable.o (strlen)
c:/gccriscv/8.2.0/bin/../lib/gcc/riscv-none-embed/8.2.0/../../../../riscv-none-embed/lib/rv32i/ilp32\libc.a(lib_a-strncmp.o)
                              symtable.o (strncmp)
c:/gccriscv/8.2.0/bin/../lib/gcc/riscv-none-embed/8.2.0/../../../../riscv-none-embed/lib/rv32i/ilp32\libc.a(lib_a-strncpy.o)
                              symtable.o (strncpy)
c:/gccriscv/8.2.0/bin/../lib/gcc/riscv-none-embed/8.2.0/../../../../riscv-none-embed/lib/rv32i/ilp32\libc.a(lib_a-wctomb_r.o)
                              c:/gccriscv/8.2.0/bin/../lib/gcc/riscv-none-embed/8.2.0/../../../../riscv-none-embed/lib/rv32i/ilp32\libc.a(lib_a-locale.o) (__ascii_wctomb)
c:/gccriscv/8.2.0/bin/../lib/gcc/riscv-none-embed/8.2.0/../../../../riscv-none-embed/lib/rv32i/ilp32\libc.a(lib_a-ctype_.o)
                              c:/gccriscv/8.2.0/bin/../lib/gcc/riscv-none-embed/8.2.0/../../../../riscv-none-embed/lib/rv32i/ilp32\libc.a(lib_a-locale.o) (_ctype_)
c:/gccriscv/8.2.0/bin/../lib/gcc/riscv-none-embed/8.2.0/../../../../riscv-none-embed/lib/rv32i/ilp32\libc.a(lib_a-freer.o)
                              c:/gccriscv/8.2.0/bin/../lib/gcc/riscv-none-embed/8.2.0/../../../../riscv-none-embed/lib/rv32i/ilp32\libc.a(lib_a-malloc.o) (_free_r)
c:/gccriscv/8.2.0/bin/../lib/gcc/riscv-none-embed/8.2.0/../../../../riscv-none-embed/lib/rv32i/ilp32\libc.a(lib_a-impure.o)
                              c:/gccriscv/8.2.0/bin/../lib/gcc/riscv-none-embed/8.2.0/../../../../riscv-none-embed/lib/rv32i/ilp32\libc.a(lib_a-locale.o) (_impure_ptr)
c:/gccriscv/8.2.0/bin/../lib/gcc/riscv-none-embed/8.2.0/../../../../riscv-none-embed/lib/rv32i/ilp32\libc.a(lib_a-lock.o)
                              c:/gccriscv/8.2.0/bin/../lib/gcc/riscv-none-embed/8.2.0/../../../../riscv-none-embed/lib/rv32i/ilp32\libc.a(lib_a-mlock.o) (__retarget_lock_acquire_recursive)
c:/gccriscv/8.2.0/bin/../lib/gcc/riscv-none-embed/8.2.0/../../../../riscv-none-embed/lib/rv32i/ilp32\libc.a(lib_a-reent.o)
                              c:/gccriscv/8.2.0/bin/../lib/gcc/riscv-none-embed/8.2.0/../../../../riscv-none-embed/lib/rv32i/ilp32\libc.a(lib_a-sbrkr.o) (errno)
c:/gccriscv/8.2.0/bin/../lib/gcc/riscv-none-embed/8.2.0/../../../../riscv-none-embed/lib/rv32i/ilp32\libsim.a(sim-sys_sbrk.o)
                              c:/gccriscv/8.2.0/bin/../lib/gcc/riscv-none-embed/8.2.0/../../../../riscv-none-embed/lib/rv32i/ilp32\libc.a(lib_a-sbrkr.o) (_sbrk)

Allocating common symbols
Common symbol       size              file

__lock___atexit_recursive_mutex
                    0x1               c:/gccriscv/8.2.0/bin/../lib/gcc/riscv-none-embed/8.2.0/../../../../riscv-none-embed/lib/rv32i/ilp32\libc.a(lib_a-lock.o)
__lock___arc4random_mutex
                    0x1               c:/gccriscv/8.2.0/bin/../lib/gcc/riscv-none-embed/8.2.0/../../../../riscv-none-embed/lib/rv32i/ilp32\libc.a(lib_a-lock.o)
errno               0x4               c:/gccriscv/8.2.0/bin/../lib/gcc/riscv-none-embed/8.2.0/../../../../riscv-none-embed/lib/rv32i/ilp32\libc.a(lib_a-reent.o)
lp                  0x4               deb.o
FatFs               0x228             deb.o
traparg2            0x4               traphandler.o
xfunc_out           0x4               xprintf.o
traparg3            0x4               traphandler.o
line                0x50              deb.o
heap_ptr            0x4               c:/gccriscv/8.2.0/bin/../lib/gcc/riscv-none-embed/8.2.0/../../../../riscv-none-embed/lib/rv32i/ilp32\libsim.a(sim-sys_sbrk.o)
__lock___env_recursive_mutex
                    0x1               c:/gccriscv/8.2.0/bin/../lib/gcc/riscv-none-embed/8.2.0/../../../../riscv-none-embed/lib/rv32i/ilp32\libc.a(lib_a-lock.o)
__lock___sinit_recursive_mutex
                    0x1               c:/gccriscv/8.2.0/bin/../lib/gcc/riscv-none-embed/8.2.0/../../../../riscv-none-embed/lib/rv32i/ilp32\libc.a(lib_a-lock.o)
irqcause            0x4               traphandler.o
__lock___malloc_recursive_mutex
                    0x1               c:/gccriscv/8.2.0/bin/../lib/gcc/riscv-none-embed/8.2.0/../../../../riscv-none-embed/lib/rv32i/ilp32\libc.a(lib_a-lock.o)
traparg1            0x4               traphandler.o
col                 0x4               deb.o
datap               0x4               deb.o
irqpc               0x4               traphandler.o
timerCmp            0x8               traphandler.o
trapcause           0x4               traphandler.o
trappc              0x4               traphandler.o
Sum                 0x1               deb.o
_SYMTABLE           0x800             main.o
codep               0x4               deb.o
__lock___at_quick_exit_mutex
                    0x1               c:/gccriscv/8.2.0/bin/../lib/gcc/riscv-none-embed/8.2.0/../../../../riscv-none-embed/lib/rv32i/ilp32\libc.a(lib_a-lock.o)
SYMTABLETOP         0x4               symtable.o
__lock___dd_hash_mutex
                    0x1               c:/gccriscv/8.2.0/bin/../lib/gcc/riscv-none-embed/8.2.0/../../../../riscv-none-embed/lib/rv32i/ilp32\libc.a(lib_a-lock.o)
__lock___tz_mutex   0x1               c:/gccriscv/8.2.0/bin/../lib/gcc/riscv-none-embed/8.2.0/../../../../riscv-none-embed/lib/rv32i/ilp32\libc.a(lib_a-lock.o)
timerPending        0x4               traphandler.o
__lock___sfp_recursive_mutex
                    0x1               c:/gccriscv/8.2.0/bin/../lib/gcc/riscv-none-embed/8.2.0/../../../../riscv-none-embed/lib/rv32i/ilp32\libc.a(lib_a-lock.o)

Discarded input sections

 .bss           0x0000000000000000        0x0 crt.o
 .text          0x0000000000000000        0x0 vga.o
 .data          0x0000000000000000        0x0 vga.o
 .bss           0x0000000000000000        0x0 vga.o
 .rodata        0x0000000000000000       0x80 vga.o
 .text.vga_init
                0x0000000000000000       0x92 vga.o
 .text.vga_clear
                0x0000000000000000       0x5e vga.o
 .text.vga_isBusy
                0x0000000000000000       0x22 vga.o
 .text.vga_run  0x0000000000000000       0x1a vga.o
 .text.vga_stop
                0x0000000000000000       0x30 vga.o
 .debug_info    0x0000000000000000      0x2d1 vga.o
 .debug_abbrev  0x0000000000000000      0x159 vga.o
 .debug_aranges
                0x0000000000000000       0x40 vga.o
 .debug_ranges  0x0000000000000000       0x30 vga.o
 .debug_line    0x0000000000000000      0x22e vga.o
 .debug_str     0x0000000000000000      0x248 vga.o
 .comment       0x0000000000000000       0x3a vga.o
 .debug_frame   0x0000000000000000       0xb8 vga.o
 .text          0x0000000000000000        0x0 console.o
 .data          0x0000000000000000       0x11 console.o
 .bss           0x0000000000000000        0x0 console.o
 .rodata        0x0000000000000000       0x80 console.o
 .text.console_clear
                0x0000000000000000       0x52 console.o
 .text.console_scroll
                0x0000000000000000       0xb8 console.o
 .sbss          0x0000000000000000        0x8 console.o
 .text.debugout
                0x0000000000000000       0x78 console.o
 .text.debugouthex2
                0x0000000000000000       0x74 console.o
 .text.console_putc
                0x0000000000000000      0x322 console.o
 .text.console_puts
                0x0000000000000000       0x5a console.o
 .debug_info    0x0000000000000000      0x2e5 console.o
 .debug_abbrev  0x0000000000000000      0x182 console.o
 .debug_aranges
                0x0000000000000000       0x48 console.o
 .debug_ranges  0x0000000000000000       0x38 console.o
 .debug_line    0x0000000000000000      0x695 console.o
 .debug_str     0x0000000000000000      0x28b console.o
 .comment       0x0000000000000000       0x3a console.o
 .debug_frame   0x0000000000000000       0xe0 console.o
 .text          0x0000000000000000        0x0 sdmm.o
 .data          0x0000000000000000        0x0 sdmm.o
 .rodata        0x0000000000000000       0x80 sdmm.o
 .text.xmit_datablock
                0x0000000000000000       0x94 sdmm.o
 .text.disk_write
                0x0000000000000000      0x11e sdmm.o
 .text.disk_ioctl
                0x0000000000000000      0x17a sdmm.o
 .text          0x0000000000000000        0x0 ff.o
 .data          0x0000000000000000        0x0 ff.o
 .text.f_lseek  0x0000000000000000      0x262 ff.o
 .text.f_stat   0x0000000000000000       0x88 ff.o
 .text          0x0000000000000000        0x0 deb.o
 .bss           0x0000000000000000        0x0 deb.o
 .text.write_u32
                0x0000000000000000       0x20 deb.o
 .text.uart_writeAvailability
                0x0000000000000000       0x2e deb.o
 .text.uart_write
                0x0000000000000000       0x40 deb.o
 .text.uart_writeStr
                0x0000000000000000       0x44 deb.o
 .text.uart_writeHex
                0x0000000000000000       0x82 deb.o
 .text.uart_applyConfig
                0x0000000000000000       0x62 deb.o
 .text.clint_getTimeLow
                0x0000000000000000       0x2c deb.o
 .text.clint_getTimeHigh
                0x0000000000000000       0x2c deb.o
 .text.clint_setCmp
                0x0000000000000000       0x84 deb.o
 .text.clint_getTime
                0x0000000000000000       0x90 deb.o
 .text.clint_uDelay
                0x0000000000000000       0x7e deb.o
 .text.puthxw   0x0000000000000000       0x3c deb.o
 .text.comma    0x0000000000000000       0x3a deb.o
 .text          0x0000000000000000        0x0 symtable.o
 .data          0x0000000000000000        0x0 symtable.o
 .bss           0x0000000000000000        0x0 symtable.o
 .rodata        0x0000000000000000       0x80 symtable.o
 .text          0x0000000000000000        0x0 traphandler.o
 .data          0x0000000000000000        0x0 traphandler.o
 .bss           0x0000000000000000        0x0 traphandler.o
 .text.clint_uDelay
                0x0000000000000000       0x7e traphandler.o
 .text          0x0000000000000000        0x0 xprintf.o
 .data          0x0000000000000000        0x0 xprintf.o
 .text.xfputc   0x0000000000000000       0x4e xprintf.o
 .text.xfputs   0x0000000000000000       0x64 xprintf.o
 .text.xsprintf
                0x0000000000000000       0x66 xprintf.o
 .text.xfprintf
                0x0000000000000000       0x6a xprintf.o
 .text.put_dump
                0x0000000000000000      0x18a xprintf.o
 .text          0x0000000000000000        0x0 main.o
 .data          0x0000000000000000        0x0 main.o
 .bss           0x0000000000000000        0x2 main.o
 .text.uart_writeStr
                0x0000000000000000       0x44 main.o
 .text.uart_writeHex
                0x0000000000000000       0x82 main.o
 .text.uart_applyConfig
                0x0000000000000000       0x62 main.o
 .text.clint_getTimeHigh
                0x0000000000000000       0x2c main.o
 .text.clint_setCmp
                0x0000000000000000       0x84 main.o
 .text.clint_getTime
                0x0000000000000000       0x90 main.o
 .text.machineTimer_getTimeLow
                0x0000000000000000       0x24 main.o
 .text.machineTimer_getTimeHigh
                0x0000000000000000       0x28 main.o
 .text.machineTimer_setCmp
                0x0000000000000000       0x6c main.o
 .text.machineTimer_getTime
                0x0000000000000000       0x94 main.o
 .text.machineTimer_uDelay
                0x0000000000000000       0x7e main.o
 .text.sdram_ddr2_init
                0x0000000000000000      0x1e4 main.o
 .text.sdram_ddr3_init
                0x0000000000000000      0x168 main.o
 .text.lfsrReset
                0x0000000000000000       0x1c main.o
 .text.lfsr16   0x0000000000000000       0x92 main.o
 .text.lfsr32   0x0000000000000000       0x30 main.o
 .text.sdram_mem_init
                0x0000000000000000       0x5e main.o
 .text.sdram_mem_test
                0x0000000000000000       0x74 main.o
 .text.sdram_phy_s7_scan
                0x0000000000000000       0x94 main.o
 .text.sdram_phy_s7
                0x0000000000000000      0x1d6 main.o
 .text.vga_stop
                0x0000000000000000       0x24 main.o
 .text.dmasg_output_memory
                0x0000000000000000       0x6a main.o
 .text.dmasg_input_stream
                0x0000000000000000       0x78 main.o
 .text.dmasg_linked_list_start
                0x0000000000000000       0x58 main.o
 .text.dmasg_stop
                0x0000000000000000       0x3e main.o
 .text.dmasg_interrupt_config
                0x0000000000000000       0x58 main.o
 .text.dmasg_interrupt_pending_clear
                0x0000000000000000       0x44 main.o
 .text.dmasg_busy
                0x0000000000000000       0x40 main.o
 .text.dmasg_buffer
                0x0000000000000000       0x56 main.o
 .text.dmasg_priority
                0x0000000000000000       0x44 main.o
 .text.dmasg_progress_bytes
                0x0000000000000000       0x3e main.o
 .text.uart_getc
                0x0000000000000000       0x20 main.o
 .data          0x0000000000000000        0x0 c:/gccriscv/8.2.0/bin/../lib/gcc/riscv-none-embed/8.2.0/rv32i/ilp32\libgcc.a(muldi3.o)
 .bss           0x0000000000000000        0x0 c:/gccriscv/8.2.0/bin/../lib/gcc/riscv-none-embed/8.2.0/rv32i/ilp32\libgcc.a(muldi3.o)
 .data          0x0000000000000000        0x0 c:/gccriscv/8.2.0/bin/../lib/gcc/riscv-none-embed/8.2.0/rv32i/ilp32\libgcc.a(div.o)
 .bss           0x0000000000000000        0x0 c:/gccriscv/8.2.0/bin/../lib/gcc/riscv-none-embed/8.2.0/rv32i/ilp32\libgcc.a(div.o)
 .text          0x0000000000000000        0x0 c:/gccriscv/8.2.0/bin/../lib/gcc/riscv-none-embed/8.2.0/../../../../riscv-none-embed/lib/rv32i/ilp32\libc.a(lib_a-locale.o)
 .data          0x0000000000000000        0x0 c:/gccriscv/8.2.0/bin/../lib/gcc/riscv-none-embed/8.2.0/../../../../riscv-none-embed/lib/rv32i/ilp32\libc.a(lib_a-locale.o)
 .bss           0x0000000000000000        0x0 c:/gccriscv/8.2.0/bin/../lib/gcc/riscv-none-embed/8.2.0/../../../../riscv-none-embed/lib/rv32i/ilp32\libc.a(lib_a-locale.o)
 .text._setlocale_r
                0x0000000000000000       0x88 c:/gccriscv/8.2.0/bin/../lib/gcc/riscv-none-embed/8.2.0/../../../../riscv-none-embed/lib/rv32i/ilp32\libc.a(lib_a-locale.o)
 .text.__locale_mb_cur_max
                0x0000000000000000       0x2c c:/gccriscv/8.2.0/bin/../lib/gcc/riscv-none-embed/8.2.0/../../../../riscv-none-embed/lib/rv32i/ilp32\libc.a(lib_a-locale.o)
 .text.__locale_ctype_ptr_l
                0x0000000000000000        0x8 c:/gccriscv/8.2.0/bin/../lib/gcc/riscv-none-embed/8.2.0/../../../../riscv-none-embed/lib/rv32i/ilp32\libc.a(lib_a-locale.o)
 .text.setlocale
                0x0000000000000000       0x1c c:/gccriscv/8.2.0/bin/../lib/gcc/riscv-none-embed/8.2.0/../../../../riscv-none-embed/lib/rv32i/ilp32\libc.a(lib_a-locale.o)
 .sbss._PathLocale
                0x0000000000000000        0x4 c:/gccriscv/8.2.0/bin/../lib/gcc/riscv-none-embed/8.2.0/../../../../riscv-none-embed/lib/rv32i/ilp32\libc.a(lib_a-locale.o)
 .text          0x0000000000000000        0x0 c:/gccriscv/8.2.0/bin/../lib/gcc/riscv-none-embed/8.2.0/../../../../riscv-none-embed/lib/rv32i/ilp32\libc.a(lib_a-malloc.o)
 .data          0x0000000000000000        0x0 c:/gccriscv/8.2.0/bin/../lib/gcc/riscv-none-embed/8.2.0/../../../../riscv-none-embed/lib/rv32i/ilp32\libc.a(lib_a-malloc.o)
 .bss           0x0000000000000000        0x0 c:/gccriscv/8.2.0/bin/../lib/gcc/riscv-none-embed/8.2.0/../../../../riscv-none-embed/lib/rv32i/ilp32\libc.a(lib_a-malloc.o)
 .text.free     0x0000000000000000       0x18 c:/gccriscv/8.2.0/bin/../lib/gcc/riscv-none-embed/8.2.0/../../../../riscv-none-embed/lib/rv32i/ilp32\libc.a(lib_a-malloc.o)
 .text          0x0000000000000000        0x0 c:/gccriscv/8.2.0/bin/../lib/gcc/riscv-none-embed/8.2.0/../../../../riscv-none-embed/lib/rv32i/ilp32\libc.a(lib_a-mallocr.o)
 .data          0x0000000000000000        0x0 c:/gccriscv/8.2.0/bin/../lib/gcc/riscv-none-embed/8.2.0/../../../../riscv-none-embed/lib/rv32i/ilp32\libc.a(lib_a-mallocr.o)
 .bss           0x0000000000000000        0x0 c:/gccriscv/8.2.0/bin/../lib/gcc/riscv-none-embed/8.2.0/../../../../riscv-none-embed/lib/rv32i/ilp32\libc.a(lib_a-mallocr.o)
 .text          0x0000000000000000        0x0 c:/gccriscv/8.2.0/bin/../lib/gcc/riscv-none-embed/8.2.0/../../../../riscv-none-embed/lib/rv32i/ilp32\libc.a(lib_a-mbtowc_r.o)
 .data          0x0000000000000000        0x0 c:/gccriscv/8.2.0/bin/../lib/gcc/riscv-none-embed/8.2.0/../../../../riscv-none-embed/lib/rv32i/ilp32\libc.a(lib_a-mbtowc_r.o)
 .bss           0x0000000000000000        0x0 c:/gccriscv/8.2.0/bin/../lib/gcc/riscv-none-embed/8.2.0/../../../../riscv-none-embed/lib/rv32i/ilp32\libc.a(lib_a-mbtowc_r.o)
 .text._mbtowc_r
                0x0000000000000000       0x2c c:/gccriscv/8.2.0/bin/../lib/gcc/riscv-none-embed/8.2.0/../../../../riscv-none-embed/lib/rv32i/ilp32\libc.a(lib_a-mbtowc_r.o)
 .text          0x0000000000000000        0x0 c:/gccriscv/8.2.0/bin/../lib/gcc/riscv-none-embed/8.2.0/../../../../riscv-none-embed/lib/rv32i/ilp32\libc.a(lib_a-mlock.o)
 .data          0x0000000000000000        0x0 c:/gccriscv/8.2.0/bin/../lib/gcc/riscv-none-embed/8.2.0/../../../../riscv-none-embed/lib/rv32i/ilp32\libc.a(lib_a-mlock.o)
 .bss           0x0000000000000000        0x0 c:/gccriscv/8.2.0/bin/../lib/gcc/riscv-none-embed/8.2.0/../../../../riscv-none-embed/lib/rv32i/ilp32\libc.a(lib_a-mlock.o)
 .text          0x0000000000000000        0x0 c:/gccriscv/8.2.0/bin/../lib/gcc/riscv-none-embed/8.2.0/../../../../riscv-none-embed/lib/rv32i/ilp32\libc.a(lib_a-sbrkr.o)
 .data          0x0000000000000000        0x0 c:/gccriscv/8.2.0/bin/../lib/gcc/riscv-none-embed/8.2.0/../../../../riscv-none-embed/lib/rv32i/ilp32\libc.a(lib_a-sbrkr.o)
 .bss           0x0000000000000000        0x0 c:/gccriscv/8.2.0/bin/../lib/gcc/riscv-none-embed/8.2.0/../../../../riscv-none-embed/lib/rv32i/ilp32\libc.a(lib_a-sbrkr.o)
 .text          0x0000000000000000      0x17c c:/gccriscv/8.2.0/bin/../lib/gcc/riscv-none-embed/8.2.0/../../../../riscv-none-embed/lib/rv32i/ilp32\libc.a(lib_a-strcmp.o)
 .data          0x0000000000000000        0x0 c:/gccriscv/8.2.0/bin/../lib/gcc/riscv-none-embed/8.2.0/../../../../riscv-none-embed/lib/rv32i/ilp32\libc.a(lib_a-strcmp.o)
 .bss           0x0000000000000000        0x0 c:/gccriscv/8.2.0/bin/../lib/gcc/riscv-none-embed/8.2.0/../../../../riscv-none-embed/lib/rv32i/ilp32\libc.a(lib_a-strcmp.o)
 .text          0x0000000000000000        0x0 c:/gccriscv/8.2.0/bin/../lib/gcc/riscv-none-embed/8.2.0/../../../../riscv-none-embed/lib/rv32i/ilp32\libc.a(lib_a-strlen.o)
 .data          0x0000000000000000        0x0 c:/gccriscv/8.2.0/bin/../lib/gcc/riscv-none-embed/8.2.0/../../../../riscv-none-embed/lib/rv32i/ilp32\libc.a(lib_a-strlen.o)
 .bss           0x0000000000000000        0x0 c:/gccriscv/8.2.0/bin/../lib/gcc/riscv-none-embed/8.2.0/../../../../riscv-none-embed/lib/rv32i/ilp32\libc.a(lib_a-strlen.o)
 .text          0x0000000000000000        0x0 c:/gccriscv/8.2.0/bin/../lib/gcc/riscv-none-embed/8.2.0/../../../../riscv-none-embed/lib/rv32i/ilp32\libc.a(lib_a-strncmp.o)
 .data          0x0000000000000000        0x0 c:/gccriscv/8.2.0/bin/../lib/gcc/riscv-none-embed/8.2.0/../../../../riscv-none-embed/lib/rv32i/ilp32\libc.a(lib_a-strncmp.o)
 .bss           0x0000000000000000        0x0 c:/gccriscv/8.2.0/bin/../lib/gcc/riscv-none-embed/8.2.0/../../../../riscv-none-embed/lib/rv32i/ilp32\libc.a(lib_a-strncmp.o)
 .text          0x0000000000000000        0x0 c:/gccriscv/8.2.0/bin/../lib/gcc/riscv-none-embed/8.2.0/../../../../riscv-none-embed/lib/rv32i/ilp32\libc.a(lib_a-strncpy.o)
 .data          0x0000000000000000        0x0 c:/gccriscv/8.2.0/bin/../lib/gcc/riscv-none-embed/8.2.0/../../../../riscv-none-embed/lib/rv32i/ilp32\libc.a(lib_a-strncpy.o)
 .bss           0x0000000000000000        0x0 c:/gccriscv/8.2.0/bin/../lib/gcc/riscv-none-embed/8.2.0/../../../../riscv-none-embed/lib/rv32i/ilp32\libc.a(lib_a-strncpy.o)
 .text          0x0000000000000000        0x0 c:/gccriscv/8.2.0/bin/../lib/gcc/riscv-none-embed/8.2.0/../../../../riscv-none-embed/lib/rv32i/ilp32\libc.a(lib_a-wctomb_r.o)
 .data          0x0000000000000000        0x0 c:/gccriscv/8.2.0/bin/../lib/gcc/riscv-none-embed/8.2.0/../../../../riscv-none-embed/lib/rv32i/ilp32\libc.a(lib_a-wctomb_r.o)
 .bss           0x0000000000000000        0x0 c:/gccriscv/8.2.0/bin/../lib/gcc/riscv-none-embed/8.2.0/../../../../riscv-none-embed/lib/rv32i/ilp32\libc.a(lib_a-wctomb_r.o)
 .text._wctomb_r
                0x0000000000000000       0x2c c:/gccriscv/8.2.0/bin/../lib/gcc/riscv-none-embed/8.2.0/../../../../riscv-none-embed/lib/rv32i/ilp32\libc.a(lib_a-wctomb_r.o)
 .text          0x0000000000000000        0x0 c:/gccriscv/8.2.0/bin/../lib/gcc/riscv-none-embed/8.2.0/../../../../riscv-none-embed/lib/rv32i/ilp32\libc.a(lib_a-ctype_.o)
 .data          0x0000000000000000        0x0 c:/gccriscv/8.2.0/bin/../lib/gcc/riscv-none-embed/8.2.0/../../../../riscv-none-embed/lib/rv32i/ilp32\libc.a(lib_a-ctype_.o)
 .bss           0x0000000000000000        0x0 c:/gccriscv/8.2.0/bin/../lib/gcc/riscv-none-embed/8.2.0/../../../../riscv-none-embed/lib/rv32i/ilp32\libc.a(lib_a-ctype_.o)
 .text          0x0000000000000000        0x0 c:/gccriscv/8.2.0/bin/../lib/gcc/riscv-none-embed/8.2.0/../../../../riscv-none-embed/lib/rv32i/ilp32\libc.a(lib_a-freer.o)
 .data          0x0000000000000000        0x0 c:/gccriscv/8.2.0/bin/../lib/gcc/riscv-none-embed/8.2.0/../../../../riscv-none-embed/lib/rv32i/ilp32\libc.a(lib_a-freer.o)
 .bss           0x0000000000000000        0x0 c:/gccriscv/8.2.0/bin/../lib/gcc/riscv-none-embed/8.2.0/../../../../riscv-none-embed/lib/rv32i/ilp32\libc.a(lib_a-freer.o)
 .text          0x0000000000000000        0x0 c:/gccriscv/8.2.0/bin/../lib/gcc/riscv-none-embed/8.2.0/../../../../riscv-none-embed/lib/rv32i/ilp32\libc.a(lib_a-impure.o)
 .data          0x0000000000000000        0x0 c:/gccriscv/8.2.0/bin/../lib/gcc/riscv-none-embed/8.2.0/../../../../riscv-none-embed/lib/rv32i/ilp32\libc.a(lib_a-impure.o)
 .bss           0x0000000000000000        0x0 c:/gccriscv/8.2.0/bin/../lib/gcc/riscv-none-embed/8.2.0/../../../../riscv-none-embed/lib/rv32i/ilp32\libc.a(lib_a-impure.o)
 .sdata2._global_impure_ptr
                0x0000000000000000        0x4 c:/gccriscv/8.2.0/bin/../lib/gcc/riscv-none-embed/8.2.0/../../../../riscv-none-embed/lib/rv32i/ilp32\libc.a(lib_a-impure.o)
 .text          0x0000000000000000        0x0 c:/gccriscv/8.2.0/bin/../lib/gcc/riscv-none-embed/8.2.0/../../../../riscv-none-embed/lib/rv32i/ilp32\libc.a(lib_a-lock.o)
 .data          0x0000000000000000        0x0 c:/gccriscv/8.2.0/bin/../lib/gcc/riscv-none-embed/8.2.0/../../../../riscv-none-embed/lib/rv32i/ilp32\libc.a(lib_a-lock.o)
 .bss           0x0000000000000000        0x0 c:/gccriscv/8.2.0/bin/../lib/gcc/riscv-none-embed/8.2.0/../../../../riscv-none-embed/lib/rv32i/ilp32\libc.a(lib_a-lock.o)
 .text.__retarget_lock_init
                0x0000000000000000        0x4 c:/gccriscv/8.2.0/bin/../lib/gcc/riscv-none-embed/8.2.0/../../../../riscv-none-embed/lib/rv32i/ilp32\libc.a(lib_a-lock.o)
 .text.__retarget_lock_init_recursive
                0x0000000000000000        0x4 c:/gccriscv/8.2.0/bin/../lib/gcc/riscv-none-embed/8.2.0/../../../../riscv-none-embed/lib/rv32i/ilp32\libc.a(lib_a-lock.o)
 .text.__retarget_lock_close
                0x0000000000000000        0x4 c:/gccriscv/8.2.0/bin/../lib/gcc/riscv-none-embed/8.2.0/../../../../riscv-none-embed/lib/rv32i/ilp32\libc.a(lib_a-lock.o)
 .text.__retarget_lock_close_recursive
                0x0000000000000000        0x4 c:/gccriscv/8.2.0/bin/../lib/gcc/riscv-none-embed/8.2.0/../../../../riscv-none-embed/lib/rv32i/ilp32\libc.a(lib_a-lock.o)
 .text.__retarget_lock_acquire
                0x0000000000000000        0x4 c:/gccriscv/8.2.0/bin/../lib/gcc/riscv-none-embed/8.2.0/../../../../riscv-none-embed/lib/rv32i/ilp32\libc.a(lib_a-lock.o)
 .text.__retarget_lock_try_acquire
                0x0000000000000000        0x8 c:/gccriscv/8.2.0/bin/../lib/gcc/riscv-none-embed/8.2.0/../../../../riscv-none-embed/lib/rv32i/ilp32\libc.a(lib_a-lock.o)
 .text.__retarget_lock_try_acquire_recursive
                0x0000000000000000        0x8 c:/gccriscv/8.2.0/bin/../lib/gcc/riscv-none-embed/8.2.0/../../../../riscv-none-embed/lib/rv32i/ilp32\libc.a(lib_a-lock.o)
 .text.__retarget_lock_release
                0x0000000000000000        0x4 c:/gccriscv/8.2.0/bin/../lib/gcc/riscv-none-embed/8.2.0/../../../../riscv-none-embed/lib/rv32i/ilp32\libc.a(lib_a-lock.o)
 .text          0x0000000000000000        0x0 c:/gccriscv/8.2.0/bin/../lib/gcc/riscv-none-embed/8.2.0/../../../../riscv-none-embed/lib/rv32i/ilp32\libc.a(lib_a-reent.o)
 .data          0x0000000000000000        0x0 c:/gccriscv/8.2.0/bin/../lib/gcc/riscv-none-embed/8.2.0/../../../../riscv-none-embed/lib/rv32i/ilp32\libc.a(lib_a-reent.o)
 .bss           0x0000000000000000        0x0 c:/gccriscv/8.2.0/bin/../lib/gcc/riscv-none-embed/8.2.0/../../../../riscv-none-embed/lib/rv32i/ilp32\libc.a(lib_a-reent.o)
 .text.cleanup_glue
                0x0000000000000000       0x48 c:/gccriscv/8.2.0/bin/../lib/gcc/riscv-none-embed/8.2.0/../../../../riscv-none-embed/lib/rv32i/ilp32\libc.a(lib_a-reent.o)
 .text._reclaim_reent
                0x0000000000000000      0x12c c:/gccriscv/8.2.0/bin/../lib/gcc/riscv-none-embed/8.2.0/../../../../riscv-none-embed/lib/rv32i/ilp32\libc.a(lib_a-reent.o)
 .text          0x0000000000000000        0x0 c:/gccriscv/8.2.0/bin/../lib/gcc/riscv-none-embed/8.2.0/../../../../riscv-none-embed/lib/rv32i/ilp32\libsim.a(sim-sys_sbrk.o)
 .data          0x0000000000000000        0x0 c:/gccriscv/8.2.0/bin/../lib/gcc/riscv-none-embed/8.2.0/../../../../riscv-none-embed/lib/rv32i/ilp32\libsim.a(sim-sys_sbrk.o)
 .bss           0x0000000000000000        0x0 c:/gccriscv/8.2.0/bin/../lib/gcc/riscv-none-embed/8.2.0/../../../../riscv-none-embed/lib/rv32i/ilp32\libsim.a(sim-sys_sbrk.o)

Memory Configuration

Name             Origin             Length             Attributes
RAM              0x0000000080000000 0x0000000000010000 xrw
TVRAM            0x00000000f0040000 0x0000000000004000 xrw
FRAMEBUF         0x0000000040000000 0x0000000000100000 xrw
HEAPRAM          0x0000000040100000 0x0000000000100000 xrw
APPRAM           0x0000000040200000 0x0000000000600000 xrw
*default*        0x0000000000000000 0xffffffffffffffff

Linker script and memory map

                0x0000000000003400                _stack_size = 0x3400
                0x0000000000100000                _heap_size = 0x100000

._vector        0x0000000080000000      0x1e2
 *crt.o(.start_jump)
 .start_jump    0x0000000080000000        0xe crt.o
                0x0000000080000000                crtStart
 *crt.o(.text)
 *fill*         0x000000008000000e       0x12 
 .text          0x0000000080000020      0x1c2 crt.o
                0x0000000080000020                trap_entry
                0x000000008000015e                flushDataCache
                0x000000008000016a                syscall0

.memory         0x00000000800001e4       0xd8
 *(.text)
 .text          0x00000000800001e4       0x24 c:/gccriscv/8.2.0/bin/../lib/gcc/riscv-none-embed/8.2.0/rv32i/ilp32\libgcc.a(muldi3.o)
                0x00000000800001e4                __mulsi3
 .text          0x0000000080000208       0xb4 c:/gccriscv/8.2.0/bin/../lib/gcc/riscv-none-embed/8.2.0/rv32i/ilp32\libgcc.a(div.o)
                0x0000000080000208                __divsi3
                0x0000000080000210                __udivsi3
                0x0000000080000258                __umodsi3
                0x000000008000028c                __modsi3
                0x00000000800002bc                end = .

.text.dly_us    0x00000000800002bc       0x2c
 .text.dly_us   0x00000000800002bc       0x2c sdmm.o

.text.xmit_mmc  0x00000000800002e8       0xf6
 .text.xmit_mmc
                0x00000000800002e8       0xf6 sdmm.o

.text.rcvr_mmc  0x00000000800003de       0xfe
 .text.rcvr_mmc
                0x00000000800003de       0xfe sdmm.o

.text.wait_ready
                0x00000000800004dc       0x64
 .text.wait_ready
                0x00000000800004dc       0x64 sdmm.o

.text.deselect  0x0000000080000540       0x3a
 .text.deselect
                0x0000000080000540       0x3a sdmm.o

.text.select    0x000000008000057a       0x54
 .text.select   0x000000008000057a       0x54 sdmm.o

.text.rcvr_datablock
                0x00000000800005ce       0x92
 .text.rcvr_datablock
                0x00000000800005ce       0x92 sdmm.o

.text.send_cmd  0x0000000080000660      0x14c
 .text.send_cmd
                0x0000000080000660      0x14c sdmm.o

.text.disk_status
                0x00000000800007ac       0x26
 .text.disk_status
                0x00000000800007ac       0x26 sdmm.o
                0x00000000800007ac                disk_status

.text.disk_initialize
                0x00000000800007d2      0x266
 .text.disk_initialize
                0x00000000800007d2      0x266 sdmm.o
                0x00000000800007d2                disk_initialize

.text.disk_read
                0x0000000080000a38       0xe2
 .text.disk_read
                0x0000000080000a38       0xe2 sdmm.o
                0x0000000080000a38                disk_read

.text.ld_word   0x0000000080000b1a       0x46
 .text.ld_word  0x0000000080000b1a       0x46 ff.o

.text.ld_dword  0x0000000080000b60       0x64
 .text.ld_dword
                0x0000000080000b60       0x64 ff.o

.text.mem_cpy   0x0000000080000bc4       0x60
 .text.mem_cpy  0x0000000080000bc4       0x60 ff.o

.text.mem_set   0x0000000080000c24       0x4a
 .text.mem_set  0x0000000080000c24       0x4a ff.o

.text.mem_cmp   0x0000000080000c6e       0x72
 .text.mem_cmp  0x0000000080000c6e       0x72 ff.o

.text.chk_chr   0x0000000080000ce0       0x46
 .text.chk_chr  0x0000000080000ce0       0x46 ff.o

.text.dbc_1st   0x0000000080000d26       0x4e
 .text.dbc_1st  0x0000000080000d26       0x4e ff.o

.text.dbc_2nd   0x0000000080000d74       0x66
 .text.dbc_2nd  0x0000000080000d74       0x66 ff.o

.text.move_window
                0x0000000080000dda       0x72
 .text.move_window
                0x0000000080000dda       0x72 ff.o

.text.clst2sect
                0x0000000080000e4c       0x5c
 .text.clst2sect
                0x0000000080000e4c       0x5c ff.o

.text.get_fat   0x0000000080000ea8      0x1ca
 .text.get_fat  0x0000000080000ea8      0x1ca ff.o

.text.dir_sdi   0x0000000080001072      0x160
 .text.dir_sdi  0x0000000080001072      0x160 ff.o

.text.dir_next  0x00000000800011d2      0x14a
 .text.dir_next
                0x00000000800011d2      0x14a ff.o

.text.ld_clust  0x000000008000131c       0x60
 .text.ld_clust
                0x000000008000131c       0x60 ff.o

.text.dir_read  0x000000008000137c      0x102
 .text.dir_read
                0x000000008000137c      0x102 ff.o

.text.dir_find  0x000000008000147e       0xe8
 .text.dir_find
                0x000000008000147e       0xe8 ff.o

.text.get_fileinfo
                0x0000000080001566      0x134
 .text.get_fileinfo
                0x0000000080001566      0x134 ff.o

.text.get_achar
                0x000000008000169a       0xa8
 .text.get_achar
                0x000000008000169a       0xa8 ff.o

.text.pattern_matching
                0x0000000080001742      0x16e
 .text.pattern_matching
                0x0000000080001742      0x16e ff.o

.text.create_name
                0x00000000800018b0      0x242
 .text.create_name
                0x00000000800018b0      0x242 ff.o

.text.follow_path
                0x0000000080001af2      0x134
 .text.follow_path
                0x0000000080001af2      0x134 ff.o

.text.get_ldnumber
                0x0000000080001c26       0xda
 .text.get_ldnumber
                0x0000000080001c26       0xda ff.o

.text.check_fs  0x0000000080001d00       0xec
 .text.check_fs
                0x0000000080001d00       0xec ff.o

.text.find_volume
                0x0000000080001dec      0x10c
 .text.find_volume
                0x0000000080001dec      0x10c ff.o

.text.mount_volume
                0x0000000080001ef8      0x47c
 .text.mount_volume
                0x0000000080001ef8      0x47c ff.o

.text.validate  0x0000000080002374       0x88
 .text.validate
                0x0000000080002374       0x88 ff.o

.text.f_mount   0x00000000800023fc       0xb6
 .text.f_mount  0x00000000800023fc       0xb6 ff.o
                0x00000000800023fc                f_mount

.text.f_open    0x00000000800024b2      0x12a
 .text.f_open   0x00000000800024b2      0x12a ff.o
                0x00000000800024b2                f_open

.text.f_read    0x00000000800025dc      0x2d2
 .text.f_read   0x00000000800025dc      0x2d2 ff.o
                0x00000000800025dc                f_read

.text.f_close   0x00000000800028ae       0x40
 .text.f_close  0x00000000800028ae       0x40 ff.o
                0x00000000800028ae                f_close

.text.f_opendir
                0x00000000800028ee       0xf6
 .text.f_opendir
                0x00000000800028ee       0xf6 ff.o
                0x00000000800028ee                f_opendir

.text.f_closedir
                0x00000000800029e4       0x40
 .text.f_closedir
                0x00000000800029e4       0x40 ff.o
                0x00000000800029e4                f_closedir

.text.f_readdir
                0x0000000080002a24       0xac
 .text.f_readdir
                0x0000000080002a24       0xac ff.o
                0x0000000080002a24                f_readdir

.text.f_findnext
                0x0000000080002ad0       0x6c
 .text.f_findnext
                0x0000000080002ad0       0x6c ff.o
                0x0000000080002ad0                f_findnext

.text.f_findfirst
                0x0000000080002b3c       0x5e
 .text.f_findfirst
                0x0000000080002b3c       0x5e ff.o
                0x0000000080002b3c                f_findfirst

.text.read_u32  0x0000000080002b9a       0x48
 .text.read_u32
                0x0000000080002b9a       0x18 deb.o
 .text.read_u32
                0x0000000080002bb2       0x18 traphandler.o
 .text.read_u32
                0x0000000080002bca       0x18 main.o

.text.uart_readOccupancy
                0x0000000080002be2       0x54
 .text.uart_readOccupancy
                0x0000000080002be2       0x2a deb.o
 .text.uart_readOccupancy
                0x0000000080002c0c       0x2a main.o

.text.uart_read
                0x0000000080002c36       0x74
 .text.uart_read
                0x0000000080002c36       0x3a deb.o
 .text.uart_read
                0x0000000080002c70       0x3a main.o

.text.getcon    0x0000000080002caa       0x2e
 .text.getcon   0x0000000080002caa       0x2e deb.o
                0x0000000080002caa                getcon

.text.consts    0x0000000080002cd8       0x20
 .text.consts   0x0000000080002cd8       0x20 deb.o
                0x0000000080002cd8                consts

.text.putch     0x0000000080002cf8       0x56
 .text.putch    0x0000000080002cf8       0x56 deb.o
                0x0000000080002cf8                putch

.text.putcrlf   0x0000000080002d4e       0x26
 .text.putcrlf  0x0000000080002d4e       0x26 deb.o
                0x0000000080002d4e                putcrlf

.text.putback   0x0000000080002d74       0x32
 .text.putback  0x0000000080002d74       0x32 deb.o
                0x0000000080002d74                putback

.text._error    0x0000000080002da6       0x26
 .text._error   0x0000000080002da6       0x26 deb.o
                0x0000000080002da6                _error

.text.getline   0x0000000080002dcc      0x12c
 .text.getline  0x0000000080002dcc      0x12c deb.o
                0x0000000080002dcc                getline

.text.inhex     0x0000000080002ef8       0x56
 .text.inhex    0x0000000080002ef8       0x56 deb.o
                0x0000000080002ef8                inhex

.text.gethex    0x0000000080002f4e       0x66
 .text.gethex   0x0000000080002f4e       0x66 deb.o
                0x0000000080002f4e                gethex

.text.getdata   0x0000000080002fb4       0x3e
 .text.getdata  0x0000000080002fb4       0x3e deb.o
                0x0000000080002fb4                getdata

.text.ogetdata  0x0000000080002ff2       0x3c
 .text.ogetdata
                0x0000000080002ff2       0x3c deb.o
                0x0000000080002ff2                ogetdata

.text.puthex    0x000000008000302e       0x4c
 .text.puthex   0x000000008000302e       0x4c deb.o
                0x000000008000302e                puthex

.text.puthxb    0x000000008000307a       0x38
 .text.puthxb   0x000000008000307a       0x38 deb.o
                0x000000008000307a                puthxb

.text.puthxww   0x00000000800030b2       0x60
 .text.puthxww  0x00000000800030b2       0x60 deb.o
                0x00000000800030b2                puthxww

.text.xdump     0x0000000080003112      0x1e8
 .text.xdump    0x0000000080003112      0x1e8 deb.o
                0x0000000080003112                xdump

.text.xsubst    0x00000000800032fa      0x10c
 .text.xsubst   0x00000000800032fa      0x10c deb.o
                0x00000000800032fa                xsubst

.text.xfill     0x0000000080003406       0xcc
 .text.xfill    0x0000000080003406       0xcc deb.o
                0x0000000080003406                xfill

.text.hx1       0x00000000800034d2       0x3e
 .text.hx1      0x00000000800034d2       0x3e deb.o
                0x00000000800034d2                hx1

.text.hxbyte    0x0000000080003510       0x5c
 .text.hxbyte   0x0000000080003510       0x5c deb.o
                0x0000000080003510                hxbyte

.text.hxword    0x000000008000356c       0x38
 .text.hxword   0x000000008000356c       0x38 deb.o
                0x000000008000356c                hxword

.text.xread     0x00000000800035a4      0x15a
 .text.xread    0x00000000800035a4      0x15a deb.o
                0x00000000800035a4                xread

.text.hx1lp     0x00000000800036fe       0x4c
 .text.hx1lp    0x00000000800036fe       0x4c deb.o
                0x00000000800036fe                hx1lp

.text.hxbytelp  0x000000008000374a       0x5c
 .text.hxbytelp
                0x000000008000374a       0x5c deb.o
                0x000000008000374a                hxbytelp

.text.hxwordlp  0x00000000800037a6       0x38
 .text.hxwordlp
                0x00000000800037a6       0x38 deb.o
                0x00000000800037a6                hxwordlp

.text.xdir      0x00000000800037de       0xc8
 .text.xdir     0x00000000800037de       0xc8 deb.o
                0x00000000800037de                xdir

.text.xsdread   0x00000000800038a6      0x34a
 .text.xsdread  0x00000000800038a6      0x34a deb.o
                0x00000000800038a6                xsdread

.text.xhelp     0x0000000080003bf0       0x24
 .text.xhelp    0x0000000080003bf0       0x24 deb.o
                0x0000000080003bf0                xhelp

.text.xgo       0x0000000080003c14       0x1c
 .text.xgo      0x0000000080003c14       0x1c deb.o
                0x0000000080003c14                xgo

.text._main     0x0000000080003c30       0xca
 .text._main    0x0000000080003c30       0xca deb.o
                0x0000000080003c30                _main

.text.symt_init
                0x0000000080003cfa       0x1e
 .text.symt_init
                0x0000000080003cfa       0x1e symtable.o
                0x0000000080003cfa                symt_init

.text.symt_clear
                0x0000000080003d18       0x52
 .text.symt_clear
                0x0000000080003d18       0x52 symtable.o
                0x0000000080003d18                symt_clear

.text.symt_get  0x0000000080003d6a       0x82
 .text.symt_get
                0x0000000080003d6a       0x82 symtable.o
                0x0000000080003d6a                symt_get

.text.symt_put  0x0000000080003dec       0xe0
 .text.symt_put
                0x0000000080003dec       0xe0 symtable.o
                0x0000000080003dec                symt_put

.text.write_u32
                0x0000000080003ecc       0x40
 .text.write_u32
                0x0000000080003ecc       0x20 traphandler.o
 .text.write_u32
                0x0000000080003eec       0x20 main.o

.text.clint_getTimeLow
                0x0000000080003f0c       0x58
 .text.clint_getTimeLow
                0x0000000080003f0c       0x2c traphandler.o
 .text.clint_getTimeLow
                0x0000000080003f38       0x2c main.o

.text.clint_getTimeHigh
                0x0000000080003f64       0x2c
 .text.clint_getTimeHigh
                0x0000000080003f64       0x2c traphandler.o

.text.clint_setCmp
                0x0000000080003f90       0x84
 .text.clint_setCmp
                0x0000000080003f90       0x84 traphandler.o

.text.clint_getTime
                0x0000000080004014       0x90
 .text.clint_getTime
                0x0000000080004014       0x90 traphandler.o

.text.initTimer
                0x00000000800040a4       0x36
 .text.initTimer
                0x00000000800040a4       0x36 traphandler.o
                0x00000000800040a4                initTimer

.text.scheduleTimer
                0x00000000800040da       0x68
 .text.scheduleTimer
                0x00000000800040da       0x68 traphandler.o
                0x00000000800040da                scheduleTimer

.text.irqCallback
                0x0000000080004142       0x6a
 .text.irqCallback
                0x0000000080004142       0x6a traphandler.o
                0x0000000080004142                irqCallback

.text.sysCallback
                0x00000000800041ac       0xc2
 .text.sysCallback
                0x00000000800041ac       0xc2 traphandler.o
                0x00000000800041ac                sysCallback

.text.xputc     0x000000008000426e       0x6c
 .text.xputc    0x000000008000426e       0x6c xprintf.o
                0x000000008000426e                xputc

.text.xputs     0x00000000800042da       0x3c
 .text.xputs    0x00000000800042da       0x3c xprintf.o
                0x00000000800042da                xputs

.text.xvprintf  0x0000000080004316      0x47e
 .text.xvprintf
                0x0000000080004316      0x47e xprintf.o

.text.xprintf   0x0000000080004794       0x44
 .text.xprintf  0x0000000080004794       0x44 xprintf.o
                0x0000000080004794                xprintf

.text.write_u32_ad
                0x00000000800047d8       0x20
 .text.write_u32_ad
                0x00000000800047d8       0x20 main.o

.text.uart_writeAvailability
                0x00000000800047f8       0x2e
 .text.uart_writeAvailability
                0x00000000800047f8       0x2e main.o

.text.uart_write
                0x0000000080004826       0x40
 .text.uart_write
                0x0000000080004826       0x40 main.o

.text.clint_uDelay
                0x0000000080004866       0x7e
 .text.clint_uDelay
                0x0000000080004866       0x7e main.o

.text.gpio_setOutput
                0x00000000800048e4       0x2e
 .text.gpio_setOutput
                0x00000000800048e4       0x2e main.o

.text.gpio_setOutputEnable
                0x0000000080004912       0x2e
 .text.gpio_setOutputEnable
                0x0000000080004912       0x2e main.o

.text.t2c       0x0000000080004940       0x68
 .text.t2c      0x0000000080004940       0x68 main.o

.text.sat       0x00000000800049a8       0x1c
 .text.sat      0x00000000800049a8       0x1c main.o

.text.sdram_udelay
                0x00000000800049c4       0x2e
 .text.sdram_udelay
                0x00000000800049c4       0x2e main.o

.text.sdram_command
                0x00000000800049f2       0x82
 .text.sdram_command
                0x00000000800049f2       0x82 main.o

.text.sdram_init
                0x0000000080004a74      0x584
 .text.sdram_init
                0x0000000080004a74      0x584 main.o

.text.sdram_sdr_init
                0x0000000080004ff8      0x14c
 .text.sdram_sdr_init
                0x0000000080004ff8      0x14c main.o

.text.vga_start
                0x0000000080005144       0x24
 .text.vga_start
                0x0000000080005144       0x24 main.o

.text.vga_set_timing
                0x0000000080005168       0xe2
 .text.vga_set_timing
                0x0000000080005168       0xe2 main.o

.text.dmasg_input_memory
                0x000000008000524a       0x66
 .text.dmasg_input_memory
                0x000000008000524a       0x66 main.o

.text.dmasg_output_stream
                0x00000000800052b0       0x80
 .text.dmasg_output_stream
                0x00000000800052b0       0x80 main.o

.text.dmasg_direct_start
                0x0000000080005330       0x6e
 .text.dmasg_direct_start
                0x0000000080005330       0x6e main.o

.text.uart_putc
                0x000000008000539e       0x3e
 .text.uart_putc
                0x000000008000539e       0x3e main.o
                0x000000008000539e                uart_putc

.text.uart_puts
                0x00000000800053dc       0x44
 .text.uart_puts
                0x00000000800053dc       0x44 main.o
                0x00000000800053dc                uart_puts

.text._uart_wait
                0x0000000080005420       0x24
 .text._uart_wait
                0x0000000080005420       0x24 main.o
                0x0000000080005420                _uart_wait

.text.getcon_nowait
                0x0000000080005444       0x3c
 .text.getcon_nowait
                0x0000000080005444       0x3c main.o
                0x0000000080005444                getcon_nowait

.text.dummy     0x0000000080005480        0xe
 .text.dummy    0x0000000080005480        0xe main.o
                0x0000000080005480                dummy

.text.returnerr
                0x000000008000548e       0x10
 .text.returnerr
                0x000000008000548e       0x10 main.o
                0x000000008000548e                returnerr

.text.main      0x000000008000549e      0x418
 .text.main     0x000000008000549e      0x418 main.o
                0x000000008000549e                main

.text.__locale_ctype_ptr
                0x00000000800058b8       0x2c
 .text.__locale_ctype_ptr
                0x00000000800058b8       0x2c c:/gccriscv/8.2.0/bin/../lib/gcc/riscv-none-embed/8.2.0/../../../../riscv-none-embed/lib/rv32i/ilp32\libc.a(lib_a-locale.o)
                0x00000000800058b8                __locale_ctype_ptr

.text.malloc    0x00000000800058e4       0x18
 .text.malloc   0x00000000800058e4       0x18 c:/gccriscv/8.2.0/bin/../lib/gcc/riscv-none-embed/8.2.0/../../../../riscv-none-embed/lib/rv32i/ilp32\libc.a(lib_a-malloc.o)
                0x00000000800058e4                malloc

.text._malloc_r
                0x00000000800058fc      0x870
 .text._malloc_r
                0x00000000800058fc      0x870 c:/gccriscv/8.2.0/bin/../lib/gcc/riscv-none-embed/8.2.0/../../../../riscv-none-embed/lib/rv32i/ilp32\libc.a(lib_a-mallocr.o)
                0x00000000800058fc                _malloc_r

.text.__ascii_mbtowc
                0x000000008000616c       0x68
 .text.__ascii_mbtowc
                0x000000008000616c       0x68 c:/gccriscv/8.2.0/bin/../lib/gcc/riscv-none-embed/8.2.0/../../../../riscv-none-embed/lib/rv32i/ilp32\libc.a(lib_a-mbtowc_r.o)
                0x000000008000616c                __ascii_mbtowc

.text.__malloc_lock
                0x00000000800061d4       0x10
 .text.__malloc_lock
                0x00000000800061d4       0x10 c:/gccriscv/8.2.0/bin/../lib/gcc/riscv-none-embed/8.2.0/../../../../riscv-none-embed/lib/rv32i/ilp32\libc.a(lib_a-mlock.o)
                0x00000000800061d4                __malloc_lock

.text.__malloc_unlock
                0x00000000800061e4       0x10
 .text.__malloc_unlock
                0x00000000800061e4       0x10 c:/gccriscv/8.2.0/bin/../lib/gcc/riscv-none-embed/8.2.0/../../../../riscv-none-embed/lib/rv32i/ilp32\libc.a(lib_a-mlock.o)
                0x00000000800061e4                __malloc_unlock

.text._sbrk_r   0x00000000800061f4       0x60
 .text._sbrk_r  0x00000000800061f4       0x60 c:/gccriscv/8.2.0/bin/../lib/gcc/riscv-none-embed/8.2.0/../../../../riscv-none-embed/lib/rv32i/ilp32\libc.a(lib_a-sbrkr.o)
                0x00000000800061f4                _sbrk_r

.text.strlen    0x0000000080006254       0x8c
 .text.strlen   0x0000000080006254       0x8c c:/gccriscv/8.2.0/bin/../lib/gcc/riscv-none-embed/8.2.0/../../../../riscv-none-embed/lib/rv32i/ilp32\libc.a(lib_a-strlen.o)
                0x0000000080006254                strlen

.text.strncmp   0x00000000800062e0       0xf0
 .text.strncmp  0x00000000800062e0       0xf0 c:/gccriscv/8.2.0/bin/../lib/gcc/riscv-none-embed/8.2.0/../../../../riscv-none-embed/lib/rv32i/ilp32\libc.a(lib_a-strncmp.o)
                0x00000000800062e0                strncmp

.text.strncpy   0x00000000800063d0       0xcc
 .text.strncpy  0x00000000800063d0       0xcc c:/gccriscv/8.2.0/bin/../lib/gcc/riscv-none-embed/8.2.0/../../../../riscv-none-embed/lib/rv32i/ilp32\libc.a(lib_a-strncpy.o)
                0x00000000800063d0                strncpy

.text.__ascii_wctomb
                0x000000008000649c       0x30
 .text.__ascii_wctomb
                0x000000008000649c       0x30 c:/gccriscv/8.2.0/bin/../lib/gcc/riscv-none-embed/8.2.0/../../../../riscv-none-embed/lib/rv32i/ilp32\libc.a(lib_a-wctomb_r.o)
                0x000000008000649c                __ascii_wctomb

.text._malloc_trim_r
                0x00000000800064cc      0x154
 .text._malloc_trim_r
                0x00000000800064cc      0x154 c:/gccriscv/8.2.0/bin/../lib/gcc/riscv-none-embed/8.2.0/../../../../riscv-none-embed/lib/rv32i/ilp32\libc.a(lib_a-freer.o)
                0x00000000800064cc                _malloc_trim_r

.text._free_r   0x0000000080006620      0x330
 .text._free_r  0x0000000080006620      0x330 c:/gccriscv/8.2.0/bin/../lib/gcc/riscv-none-embed/8.2.0/../../../../riscv-none-embed/lib/rv32i/ilp32\libc.a(lib_a-freer.o)
                0x0000000080006620                _free_r

.text.__retarget_lock_acquire_recursive
                0x0000000080006950        0x4
 .text.__retarget_lock_acquire_recursive
                0x0000000080006950        0x4 c:/gccriscv/8.2.0/bin/../lib/gcc/riscv-none-embed/8.2.0/../../../../riscv-none-embed/lib/rv32i/ilp32\libc.a(lib_a-lock.o)
                0x0000000080006950                __retarget_lock_acquire_recursive

.text.__retarget_lock_release_recursive
                0x0000000080006954        0x4
 .text.__retarget_lock_release_recursive
                0x0000000080006954        0x4 c:/gccriscv/8.2.0/bin/../lib/gcc/riscv-none-embed/8.2.0/../../../../riscv-none-embed/lib/rv32i/ilp32\libc.a(lib_a-lock.o)
                0x0000000080006954                __retarget_lock_release_recursive

.text._sbrk     0x0000000080006958       0x40
 .text._sbrk    0x0000000080006958       0x40 c:/gccriscv/8.2.0/bin/../lib/gcc/riscv-none-embed/8.2.0/../../../../riscv-none-embed/lib/rv32i/ilp32\libsim.a(sim-sys_sbrk.o)
                0x0000000080006958                _sbrk

.rela.dyn       0x0000000080006998        0x0
 .rela.text     0x0000000080006998        0x0 crt.o
 .rela.text.putch
                0x0000000080006998        0x0 crt.o
 .rela.text.getline
                0x0000000080006998        0x0 crt.o
 .rela.text.gethex
                0x0000000080006998        0x0 crt.o
 .rela.text.getdata
                0x0000000080006998        0x0 crt.o
 .rela.text.ogetdata
                0x0000000080006998        0x0 crt.o
 .rela.text.xdump
                0x0000000080006998        0x0 crt.o
 .rela.text.xsubst
                0x0000000080006998        0x0 crt.o
 .rela.text.xfill
                0x0000000080006998        0x0 crt.o
 .rela.text.hxbyte
                0x0000000080006998        0x0 crt.o
 .rela.text.xread
                0x0000000080006998        0x0 crt.o
 .rela.text.hx1lp
                0x0000000080006998        0x0 crt.o
 .rela.text.hxbytelp
                0x0000000080006998        0x0 crt.o
 .rela.text.xdir
                0x0000000080006998        0x0 crt.o
 .rela.text.xsdread
                0x0000000080006998        0x0 crt.o
 .rela.text._main
                0x0000000080006998        0x0 crt.o
 .rela.text.symt_init
                0x0000000080006998        0x0 crt.o
 .rela.text.symt_clear
                0x0000000080006998        0x0 crt.o
 .rela.text.symt_get
                0x0000000080006998        0x0 crt.o
 .rela.text.symt_put
                0x0000000080006998        0x0 crt.o
 .rela.text.initTimer
                0x0000000080006998        0x0 crt.o
 .rela.text.scheduleTimer
                0x0000000080006998        0x0 crt.o
 .rela.text.irqCallback
                0x0000000080006998        0x0 crt.o
 .rela.text.sysCallback
                0x0000000080006998        0x0 crt.o
 .rela.text.xputc
                0x0000000080006998        0x0 crt.o
 .rela.text.main
                0x0000000080006998        0x0 crt.o
 .rela.text.__malloc_lock
                0x0000000080006998        0x0 crt.o
 .rela.text.__malloc_unlock
                0x0000000080006998        0x0 crt.o
 .rela.text._sbrk_r
                0x0000000080006998        0x0 crt.o
 .rela.text._sbrk
                0x0000000080006998        0x0 crt.o

.data           0x00000000800069a0     0x1078
 *(.rdata)
 *(.rodata .rodata.*)
 .rodata        0x00000000800069a0       0x26 ff.o
 *fill*         0x00000000800069c6        0x2 
 .rodata        0x00000000800069c8      0x16d deb.o
 *fill*         0x0000000080006b35        0x3 
 .rodata        0x0000000080006b38        0xe traphandler.o
 *fill*         0x0000000080006b46        0x2 
 .rodata        0x0000000080006b48       0x7b xprintf.o
 *fill*         0x0000000080006bc3        0x1 
 .rodata        0x0000000080006bc4      0x316 main.o
 *fill*         0x0000000080006eda        0x2 
 .rodata._setlocale_r.str1.4
                0x0000000080006edc        0xd c:/gccriscv/8.2.0/bin/../lib/gcc/riscv-none-embed/8.2.0/../../../../riscv-none-embed/lib/rv32i/ilp32\libc.a(lib_a-locale.o)
 *fill*         0x0000000080006ee9        0x3 
 .rodata.str1.4
                0x0000000080006eec        0x4 c:/gccriscv/8.2.0/bin/../lib/gcc/riscv-none-embed/8.2.0/../../../../riscv-none-embed/lib/rv32i/ilp32\libc.a(lib_a-locale.o)
                                          0x2 (size before relaxing)
 .rodata._ctype_
                0x0000000080006ef0      0x101 c:/gccriscv/8.2.0/bin/../lib/gcc/riscv-none-embed/8.2.0/../../../../riscv-none-embed/lib/rv32i/ilp32\libc.a(lib_a-ctype_.o)
                0x0000000080006ef0                _ctype_
 *(.gnu.linkonce.r.*)
 *(.data .data.*)
 *fill*         0x0000000080006ff1        0xf 
 .data          0x0000000080007000       0x18 crt.o
                0x0000000080007000                sys_mcause
                0x0000000080007004                sys_mepc
                0x0000000080007008                sys_ucause
                0x000000008000700c                sys_uepc
                0x0000000080007010                sys_irqcause
                0x0000000080007014                sys_irqpc
 .data          0x0000000080007018       0x48 deb.o
                0x0000000080007018                comtbl
 .data.__global_locale
                0x0000000080007060      0x16c c:/gccriscv/8.2.0/bin/../lib/gcc/riscv-none-embed/8.2.0/../../../../riscv-none-embed/lib/rv32i/ilp32\libc.a(lib_a-locale.o)
                0x0000000080007060                __global_locale
 .data.__malloc_av_
                0x00000000800071cc      0x408 c:/gccriscv/8.2.0/bin/../lib/gcc/riscv-none-embed/8.2.0/../../../../riscv-none-embed/lib/rv32i/ilp32\libc.a(lib_a-mallocr.o)
                0x00000000800071cc                __malloc_av_
 *fill*         0x00000000800075d4        0x4 
 .data.impure_data
                0x00000000800075d8      0x428 c:/gccriscv/8.2.0/bin/../lib/gcc/riscv-none-embed/8.2.0/../../../../riscv-none-embed/lib/rv32i/ilp32\libc.a(lib_a-impure.o)
 *(.gnu.linkonce.d.*)
                0x0000000080007a00                . = ALIGN (0x8)
                [!provide]                        PROVIDE (__global_pointer$ = (. + 0x800))
 *(.sdata .sdata.*)
 .sdata         0x0000000080007a00        0x1 sdmm.o
 *fill*         0x0000000080007a01        0x3 
 .sdata         0x0000000080007a04        0x8 deb.o
                0x0000000080007a04                STARTADDR
                0x0000000080007a08                HelpMsg
 .sdata.__malloc_sbrk_base
                0x0000000080007a0c        0x4 c:/gccriscv/8.2.0/bin/../lib/gcc/riscv-none-embed/8.2.0/../../../../riscv-none-embed/lib/rv32i/ilp32\libc.a(lib_a-mallocr.o)
                0x0000000080007a0c                __malloc_sbrk_base
 .sdata.__malloc_trim_threshold
                0x0000000080007a10        0x4 c:/gccriscv/8.2.0/bin/../lib/gcc/riscv-none-embed/8.2.0/../../../../riscv-none-embed/lib/rv32i/ilp32\libc.a(lib_a-mallocr.o)
                0x0000000080007a10                __malloc_trim_threshold
 .sdata._impure_ptr
                0x0000000080007a14        0x4 c:/gccriscv/8.2.0/bin/../lib/gcc/riscv-none-embed/8.2.0/../../../../riscv-none-embed/lib/rv32i/ilp32\libc.a(lib_a-impure.o)
                0x0000000080007a14                _impure_ptr
 *(.gnu.linkonce.s.*)
                0x0000000080007a18                . = ALIGN (0x8)
 *(.srodata.cst16)
 *(.srodata.cst8)
 *(.srodata.cst4)
 *(.srodata.cst2)
 *(.srodata .srodata.*)

.bss            0x0000000080007a18      0xb3c
                0x0000000080007a18                . = ALIGN (0x4)
                0x0000000080007a18                _bss_start = .
 *(.sbss*)
 .sbss          0x0000000080007a18        0x8 traphandler.o
                0x0000000080007a18                irqCount
                0x0000000080007a1c                syscallCount
 .sbss.__malloc_max_sbrked_mem
                0x0000000080007a20        0x4 c:/gccriscv/8.2.0/bin/../lib/gcc/riscv-none-embed/8.2.0/../../../../riscv-none-embed/lib/rv32i/ilp32\libc.a(lib_a-mallocr.o)
                0x0000000080007a20                __malloc_max_sbrked_mem
 .sbss.__malloc_max_total_mem
                0x0000000080007a24        0x4 c:/gccriscv/8.2.0/bin/../lib/gcc/riscv-none-embed/8.2.0/../../../../riscv-none-embed/lib/rv32i/ilp32\libc.a(lib_a-mallocr.o)
                0x0000000080007a24                __malloc_max_total_mem
 .sbss.__malloc_top_pad
                0x0000000080007a28        0x4 c:/gccriscv/8.2.0/bin/../lib/gcc/riscv-none-embed/8.2.0/../../../../riscv-none-embed/lib/rv32i/ilp32\libc.a(lib_a-mallocr.o)
                0x0000000080007a28                __malloc_top_pad
 *(.gnu.linkonce.sb.*)
 *(.bss .bss.*)
 .bss           0x0000000080007a2c        0x1 sdmm.o
 *fill*         0x0000000080007a2d        0x3 
 .bss           0x0000000080007a30        0x6 ff.o
 *fill*         0x0000000080007a36        0x2 
 .bss           0x0000000080007a38        0x4 xprintf.o
 .bss.__malloc_current_mallinfo
                0x0000000080007a3c       0x28 c:/gccriscv/8.2.0/bin/../lib/gcc/riscv-none-embed/8.2.0/../../../../riscv-none-embed/lib/rv32i/ilp32\libc.a(lib_a-mallocr.o)
                0x0000000080007a3c                __malloc_current_mallinfo
 *(.gnu.linkonce.b.*)
 *(COMMON)
 COMMON         0x0000000080007a64      0x28c deb.o
                0x0000000080007a64                lp
                0x0000000080007a68                FatFs
                0x0000000080007c90                line
                0x0000000080007ce0                col
                0x0000000080007ce4                datap
                0x0000000080007ce8                Sum
                0x0000000080007cec                codep
 COMMON         0x0000000080007cf0        0x4 symtable.o
                0x0000000080007cf0                SYMTABLETOP
 *fill*         0x0000000080007cf4        0x4 
 COMMON         0x0000000080007cf8       0x2c traphandler.o
                0x0000000080007cf8                traparg2
                0x0000000080007cfc                traparg3
                0x0000000080007d00                irqcause
                0x0000000080007d04                traparg1
                0x0000000080007d08                irqpc
                0x0000000080007d10                timerCmp
                0x0000000080007d18                trapcause
                0x0000000080007d1c                trappc
                0x0000000080007d20                timerPending
 COMMON         0x0000000080007d24        0x4 xprintf.o
                0x0000000080007d24                xfunc_out
 COMMON         0x0000000080007d28      0x800 main.o
                0x0000000080007d28                _SYMTABLE
 COMMON         0x0000000080008528       0x21 c:/gccriscv/8.2.0/bin/../lib/gcc/riscv-none-embed/8.2.0/../../../../riscv-none-embed/lib/rv32i/ilp32\libc.a(lib_a-lock.o)
                0x0000000080008528                __lock___atexit_recursive_mutex
                0x000000008000852c                __lock___arc4random_mutex
                0x0000000080008530                __lock___env_recursive_mutex
                0x0000000080008534                __lock___sinit_recursive_mutex
                0x0000000080008538                __lock___malloc_recursive_mutex
                0x000000008000853c                __lock___at_quick_exit_mutex
                0x0000000080008540                __lock___dd_hash_mutex
                0x0000000080008544                __lock___tz_mutex
                0x0000000080008548                __lock___sfp_recursive_mutex
 *fill*         0x0000000080008549        0x3 
 COMMON         0x000000008000854c        0x4 c:/gccriscv/8.2.0/bin/../lib/gcc/riscv-none-embed/8.2.0/../../../../riscv-none-embed/lib/rv32i/ilp32\libc.a(lib_a-reent.o)
                0x000000008000854c                errno
 COMMON         0x0000000080008550        0x4 c:/gccriscv/8.2.0/bin/../lib/gcc/riscv-none-embed/8.2.0/../../../../riscv-none-embed/lib/rv32i/ilp32\libsim.a(sim-sys_sbrk.o)
                0x0000000080008550                heap_ptr
                0x0000000080008554                . = ALIGN (0x4)
                0x0000000080008554                _bss_end = .

.rodata
 *(.rdata)
 *(.rodata .rodata.*)
 *(.gnu.linkonce.r.*)

.noinit         0x0000000080008554        0x0
                0x0000000080008554                . = ALIGN (0x4)
 *(.noinit .noinit.*)
                0x0000000080008554                . = ALIGN (0x4)

.tvram          0x00000000f0040000        0x0
                0x00000000f0040000                . = ALIGN (0x4)

.framebuf       0x0000000040000000        0x0
                0x0000000040000000                . = ALIGN (0x4)

.appram         0x0000000040200000        0x0
                0x0000000040200000                . = ALIGN (0x4)

.ctors          0x0000000080008554        0x0
                0x0000000080008554                . = ALIGN (0x4)
                0x0000000080008554                _ctors_start = .
 *(.init_array*)
 *(SORT_BY_NAME(.ctors.*))
 *(.ctors)
                0x0000000080008554                . = ALIGN (0x4)
                0x0000000080008554                _ctors_end = .
                [!provide]                        PROVIDE (END_OF_SW_IMAGE = .)

._user_heap     0x0000000040100000   0x100000
                0x0000000040100000                . = ALIGN (0x8)
                [!provide]                        PROVIDE (end = .)
                0x0000000040100000                PROVIDE (_end = .)
                [!provide]                        PROVIDE (_heap_start = .)
                0x0000000040200000                . = (. + _heap_size)
 *fill*         0x0000000040100000   0x100000 
                0x0000000040200000                . = ALIGN (0x8)
                [!provide]                        PROVIDE (_heap_end = .)

._stack         0x0000000080008554     0x340c
                0x0000000080008560                . = ALIGN (0x10)
 *fill*         0x0000000080008554        0xc 
                [!provide]                        PROVIDE (_stack_end = .)
                0x000000008000b960                . = (. + _stack_size)
 *fill*         0x0000000080008560     0x3400 
                0x000000008000b960                . = ALIGN (0x10)
                0x000000008000b960                PROVIDE (_stack_start = .)
START GROUP
END GROUP
LOAD crt.o
LOAD vga.o
LOAD console.o
LOAD sdmm.o
LOAD ff.o
LOAD deb.o
LOAD symtable.o
LOAD traphandler.o
LOAD xprintf.o
LOAD main.o
LOAD c:/gccriscv/8.2.0/bin/../lib/gcc/riscv-none-embed/8.2.0/../../../../riscv-none-embed/lib/rv32i/ilp32\libm.a
LOAD c:/gccriscv/8.2.0/bin/../lib/gcc/riscv-none-embed/8.2.0/rv32i/ilp32\libgcc.a
START GROUP
LOAD c:/gccriscv/8.2.0/bin/../lib/gcc/riscv-none-embed/8.2.0/../../../../riscv-none-embed/lib/rv32i/ilp32\libc.a
LOAD c:/gccriscv/8.2.0/bin/../lib/gcc/riscv-none-embed/8.2.0/../../../../riscv-none-embed/lib/rv32i/ilp32\libsim.a
END GROUP
LOAD c:/gccriscv/8.2.0/bin/../lib/gcc/riscv-none-embed/8.2.0/rv32i/ilp32\libgcc.a
OUTPUT(progmem.elf elf32-littleriscv)

.debug_info     0x0000000000000000     0x5edf
 .debug_info    0x0000000000000000      0x6dd sdmm.o
 .debug_info    0x00000000000006dd     0x1414 ff.o
 .debug_info    0x0000000000001af1     0x1020 deb.o
 .debug_info    0x0000000000002b11      0xb58 symtable.o
 .debug_info    0x0000000000003669      0x485 traphandler.o
 .debug_info    0x0000000000003aee      0x407 xprintf.o
 .debug_info    0x0000000000003ef5     0x1fea main.o

.debug_abbrev   0x0000000000000000     0x1229
 .debug_abbrev  0x0000000000000000      0x200 sdmm.o
 .debug_abbrev  0x0000000000000200      0x1f6 ff.o
 .debug_abbrev  0x00000000000003f6      0x3ef deb.o
 .debug_abbrev  0x00000000000007e5      0x259 symtable.o
 .debug_abbrev  0x0000000000000a3e      0x1d8 traphandler.o
 .debug_abbrev  0x0000000000000c16      0x183 xprintf.o
 .debug_abbrev  0x0000000000000d99      0x490 main.o

.debug_aranges  0x0000000000000000      0x650
 .debug_aranges
                0x0000000000000000       0x88 sdmm.o
 .debug_aranges
                0x0000000000000088      0x140 ff.o
 .debug_aranges
                0x00000000000001c8      0x180 deb.o
 .debug_aranges
                0x0000000000000348       0x38 symtable.o
 .debug_aranges
                0x0000000000000380       0x70 traphandler.o
 .debug_aranges
                0x00000000000003f0       0x60 xprintf.o
 .debug_aranges
                0x0000000000000450      0x200 main.o

.debug_ranges   0x0000000000000000      0x5f8
 .debug_ranges  0x0000000000000000       0x78 sdmm.o
 .debug_ranges  0x0000000000000078      0x130 ff.o
 .debug_ranges  0x00000000000001a8      0x170 deb.o
 .debug_ranges  0x0000000000000318       0x28 symtable.o
 .debug_ranges  0x0000000000000340       0x60 traphandler.o
 .debug_ranges  0x00000000000003a0       0x50 xprintf.o
 .debug_ranges  0x00000000000003f0      0x208 main.o

.debug_line     0x0000000000000000     0x7596
 .debug_line    0x0000000000000000      0xd9a sdmm.o
 .debug_line    0x0000000000000d9a     0x28cc ff.o
 .debug_line    0x0000000000003666     0x166b deb.o
 .debug_line    0x0000000000004cd1      0x331 symtable.o
 .debug_line    0x0000000000005002      0x3df traphandler.o
 .debug_line    0x00000000000053e1      0x85c xprintf.o
 .debug_line    0x0000000000005c3d     0x1959 main.o

.debug_str      0x0000000000000000     0x13ed
 .debug_str     0x0000000000000000      0x2a8 sdmm.o
                                        0x30f (size before relaxing)
 .debug_str     0x00000000000002a8      0x3ce ff.o
                                        0x590 (size before relaxing)
 .debug_str     0x0000000000000676      0x2c4 deb.o
                                        0x66a (size before relaxing)
 .debug_str     0x000000000000093a      0x3f4 symtable.o
                                        0x620 (size before relaxing)
 .debug_str     0x0000000000000d2e       0xb8 traphandler.o
                                        0x2eb (size before relaxing)
 .debug_str     0x0000000000000de6       0x83 xprintf.o
                                        0x175 (size before relaxing)
 .debug_str     0x0000000000000e69      0x584 main.o
                                        0xd67 (size before relaxing)

.comment        0x0000000000000000       0x39
 .comment       0x0000000000000000       0x39 sdmm.o
                                         0x3a (size before relaxing)
 .comment       0x0000000000000039       0x3a ff.o
 .comment       0x0000000000000039       0x3a deb.o
 .comment       0x0000000000000039       0x3a symtable.o
 .comment       0x0000000000000039       0x3a traphandler.o
 .comment       0x0000000000000039       0x3a xprintf.o
 .comment       0x0000000000000039       0x3a main.o

.debug_frame    0x0000000000000000     0x1ee4
 .debug_frame   0x0000000000000000      0x208 sdmm.o
 .debug_frame   0x0000000000000208      0x554 ff.o
 .debug_frame   0x000000000000075c      0x6a0 deb.o
 .debug_frame   0x0000000000000dfc       0x98 symtable.o
 .debug_frame   0x0000000000000e94      0x1c0 traphandler.o
 .debug_frame   0x0000000000001054      0x164 xprintf.o
 .debug_frame   0x00000000000011b8      0x914 main.o
 .debug_frame   0x0000000000001acc       0x78 c:/gccriscv/8.2.0/bin/../lib/gcc/riscv-none-embed/8.2.0/../../../../riscv-none-embed/lib/rv32i/ilp32\libc.a(lib_a-locale.o)
 .debug_frame   0x0000000000001b44       0x30 c:/gccriscv/8.2.0/bin/../lib/gcc/riscv-none-embed/8.2.0/../../../../riscv-none-embed/lib/rv32i/ilp32\libc.a(lib_a-malloc.o)
 .debug_frame   0x0000000000001b74       0x58 c:/gccriscv/8.2.0/bin/../lib/gcc/riscv-none-embed/8.2.0/../../../../riscv-none-embed/lib/rv32i/ilp32\libc.a(lib_a-mallocr.o)
 .debug_frame   0x0000000000001bcc       0x40 c:/gccriscv/8.2.0/bin/../lib/gcc/riscv-none-embed/8.2.0/../../../../riscv-none-embed/lib/rv32i/ilp32\libc.a(lib_a-mbtowc_r.o)
 .debug_frame   0x0000000000001c0c       0x30 c:/gccriscv/8.2.0/bin/../lib/gcc/riscv-none-embed/8.2.0/../../../../riscv-none-embed/lib/rv32i/ilp32\libc.a(lib_a-mlock.o)
 .debug_frame   0x0000000000001c3c       0x3c c:/gccriscv/8.2.0/bin/../lib/gcc/riscv-none-embed/8.2.0/../../../../riscv-none-embed/lib/rv32i/ilp32\libc.a(lib_a-sbrkr.o)
 .debug_frame   0x0000000000001c78       0x20 c:/gccriscv/8.2.0/bin/../lib/gcc/riscv-none-embed/8.2.0/../../../../riscv-none-embed/lib/rv32i/ilp32\libc.a(lib_a-strlen.o)
 .debug_frame   0x0000000000001c98       0x20 c:/gccriscv/8.2.0/bin/../lib/gcc/riscv-none-embed/8.2.0/../../../../riscv-none-embed/lib/rv32i/ilp32\libc.a(lib_a-strncmp.o)
 .debug_frame   0x0000000000001cb8       0x20 c:/gccriscv/8.2.0/bin/../lib/gcc/riscv-none-embed/8.2.0/../../../../riscv-none-embed/lib/rv32i/ilp32\libc.a(lib_a-strncpy.o)
 .debug_frame   0x0000000000001cd8       0x30 c:/gccriscv/8.2.0/bin/../lib/gcc/riscv-none-embed/8.2.0/../../../../riscv-none-embed/lib/rv32i/ilp32\libc.a(lib_a-wctomb_r.o)
 .debug_frame   0x0000000000001d08       0x9c c:/gccriscv/8.2.0/bin/../lib/gcc/riscv-none-embed/8.2.0/../../../../riscv-none-embed/lib/rv32i/ilp32\libc.a(lib_a-freer.o)
 .debug_frame   0x0000000000001da4       0xb0 c:/gccriscv/8.2.0/bin/../lib/gcc/riscv-none-embed/8.2.0/../../../../riscv-none-embed/lib/rv32i/ilp32\libc.a(lib_a-lock.o)
 .debug_frame   0x0000000000001e54       0x70 c:/gccriscv/8.2.0/bin/../lib/gcc/riscv-none-embed/8.2.0/../../../../riscv-none-embed/lib/rv32i/ilp32\libc.a(lib_a-reent.o)
 .debug_frame   0x0000000000001ec4       0x20 c:/gccriscv/8.2.0/bin/../lib/gcc/riscv-none-embed/8.2.0/../../../../riscv-none-embed/lib/rv32i/ilp32\libsim.a(sim-sys_sbrk.o)
